Microsoft Windows [Versión 10.0.19045.4894]
(c) Microsoft Corporation. Todos los derechos reservados.

C:\Users\iramb>mysqlsh
MySQL Shell 8.0.38

Copyright (c) 2016, 2024, Oracle and/or its affiliates.
Oracle is a registered trademark of Oracle Corporation and/or its affiliates.
Other names may be trademarks of their respective owners.

Type '\help' or '\?' for help; '\quit' to exit.
 MySQL  JS > \sql
Switching to SQL mode... Commands end with ;
 MySQL  SQL > \connect --mc root@localhost
Creating a Classic session to 'root@localhost'
Fetching global names for auto-completion... Press ^C to stop.
Your MySQL connection id is 18
Server version: 8.0.39 MySQL Community Server - GPL
No default schema selected; type \use <schema> to set one.
 MySQL  localhost:3306 ssl  SQL > use s
sakila  sys
 MySQL  localhost:3306 ssl  SQL > use sakila
Default schema set to `sakila`.
Fetching global names, object names from `sakila` for auto-completion... Press ^C to stop.
 MySQL  localhost:3306 ssl  sakila  SQL > SELECT sum(amount) as total, customer_id FROM payment GROUP BY customer_id;
+--------+-------------+
| total  | customer_id |
+--------+-------------+
| 118.68 |           1 |
| 128.73 |           2 |
| 135.74 |           3 |
|  81.78 |           4 |
| 144.62 |           5 |
|  93.72 |           6 |
| 151.67 |           7 |
|  92.76 |           8 |
|  89.77 |           9 |
|  99.75 |          10 |
| 106.76 |          11 |
| 103.72 |          12 |
| 131.73 |          13 |
| 117.72 |          14 |
| 134.68 |          15 |
| 118.72 |          16 |
|  98.79 |          17 |
|  91.78 |          18 |
| 125.76 |          19 |
| 115.70 |          20 |
| 155.65 |          21 |
| 113.78 |          22 |
| 119.70 |          23 |
|  95.75 |          24 |
| 115.71 |          25 |
| 152.66 |          26 |
| 126.69 |          27 |
| 111.68 |          28 |
| 140.64 |          29 |
| 123.66 |          30 |
| 104.74 |          31 |
| 127.71 |          32 |
|  91.79 |          33 |
|  89.76 |          34 |
| 129.68 |          35 |
|  92.73 |          36 |
|  95.77 |          37 |
| 127.66 |          38 |
| 141.71 |          39 |
| 110.73 |          40 |
| 118.75 |          41 |
| 117.70 |          42 |
|  99.76 |          43 |
| 114.74 |          44 |
| 127.73 |          45 |
| 142.66 |          46 |
| 108.78 |          47 |
|  76.83 |          48 |
| 130.72 |          49 |
| 169.65 |          50 |
| 138.67 |          51 |
| 107.71 |          52 |
| 115.70 |          53 |
| 128.71 |          54 |
| 100.78 |          55 |
| 135.70 |          56 |
| 114.72 |          57 |
| 115.73 |          58 |
| 133.73 |          59 |
|  98.75 |          60 |
|  58.86 |          61 |
|  84.77 |          62 |
| 112.75 |          63 |
| 100.67 |          64 |
| 103.78 |          65 |
| 144.66 |          66 |
|  99.78 |          67 |
|  94.78 |          68 |
|  96.75 |          69 |
|  80.82 |          70 |
| 129.70 |          71 |
|  99.70 |          72 |
|  97.76 |          73 |
| 103.73 |          74 |
| 155.59 |          75 |
|  77.77 |          76 |
| 100.72 |          77 |
| 141.69 |          78 |
|  84.78 |          79 |
| 137.70 |          80 |
|  93.78 |          81 |
| 130.74 |          82 |
| 101.75 |          83 |
| 141.67 |          84 |
|  87.77 |          85 |
| 148.67 |          86 |
| 145.70 |          87 |
|  87.79 |          88 |
| 134.68 |          89 |
| 110.72 |          90 |
| 113.65 |          91 |
| 133.72 |          92 |
|  91.77 |          93 |
|  79.79 |          94 |
|  77.82 |          95 |
| 105.73 |          96 |
|  58.82 |          97 |
| 106.75 |          98 |
|  91.76 |          99 |
| 102.76 |         100 |
|  96.76 |         101 |
| 137.67 |         102 |
| 146.69 |         103 |
|  92.76 |         104 |
| 120.74 |         105 |
| 100.77 |         106 |
| 126.70 |         107 |
| 132.70 |         108 |
| 107.74 |         109 |
|  59.86 |         110 |
|  97.74 |         111 |
| 133.70 |         112 |
| 113.71 |         113 |
| 139.67 |         114 |
|  91.70 |         115 |
| 111.73 |         116 |
|  71.81 |         117 |
|  82.79 |         118 |
| 153.66 |         119 |
| 143.68 |         120 |
| 109.74 |         121 |
| 126.68 |         122 |
| 100.76 |         123 |
|  73.82 |         124 |
| 135.68 |         125 |
| 117.72 |         126 |
| 107.76 |         127 |
| 127.68 |         128 |
| 124.66 |         129 |
|  93.76 |         130 |
| 128.70 |         131 |
|  95.72 |         132 |
|  98.73 |         133 |
|  94.77 |         134 |
| 110.70 |         135 |
|  62.85 |         136 |
| 194.61 |         137 |
| 110.66 |         138 |
| 113.73 |         139 |
|  83.82 |         140 |
| 130.68 |         141 |
|  94.74 |         142 |
|  89.78 |         143 |
| 195.58 |         144 |
| 108.72 |         145 |
| 139.71 |         146 |
| 127.66 |         147 |
| 216.54 |         148 |
| 121.74 |         149 |
| 105.75 |         150 |
|  92.73 |         151 |
|  83.79 |         152 |
|  94.76 |         153 |
| 130.70 |         154 |
| 109.75 |         155 |
| 101.75 |         156 |
| 113.69 |         157 |
| 126.68 |         158 |
|  68.79 |         159 |
| 106.73 |         160 |
| 112.70 |         161 |
|  71.80 |         162 |
| 122.71 |         163 |
|  66.84 |         164 |
|  86.79 |         165 |
| 123.72 |         166 |
| 119.68 |         167 |
| 135.66 |         168 |
|  95.78 |         169 |
| 119.74 |         170 |
| 114.74 |         171 |
| 145.67 |         172 |
| 119.71 |         173 |
|  92.79 |         174 |
|  98.76 |         175 |
| 173.63 |         176 |
|  71.77 |         177 |
| 194.61 |         178 |
| 133.71 |         179 |
|  98.77 |         180 |
| 174.66 |         181 |
|  97.74 |         182 |
|  76.77 |         183 |
|  90.77 |         184 |
|  84.77 |         185 |
| 114.69 |         186 |
| 159.72 |         187 |
|  92.75 |         188 |
|  93.78 |         189 |
| 110.73 |         190 |
|  74.80 |         191 |
|  99.77 |         192 |
| 109.75 |         193 |
|  87.82 |         194 |
|  86.81 |         195 |
| 151.65 |         196 |
| 154.60 |         197 |
| 141.63 |         198 |
| 103.75 |         199 |
| 136.73 |         200 |
| 108.75 |         201 |
| 103.74 |         202 |
|  88.80 |         203 |
| 147.65 |         204 |
|  80.82 |         205 |
| 126.73 |         206 |
| 137.66 |         207 |
|  91.74 |         208 |
| 161.68 |         209 |
| 137.69 |         210 |
| 151.66 |         211 |
|  91.80 |         212 |
| 111.72 |         213 |
| 116.69 |         214 |
|  91.74 |         215 |
|  95.77 |         216 |
|  98.77 |         217 |
|  67.82 |         218 |
| 101.74 |         219 |
| 114.73 |         220 |
| 132.72 |         221 |
|  91.79 |         222 |
|  80.83 |         223 |
|  76.78 |         224 |
| 120.74 |         225 |
|  87.79 |         226 |
|  87.76 |         227 |
|  92.73 |         228 |
|  93.75 |         229 |
| 124.67 |         230 |
| 110.74 |         231 |
|  95.75 |         232 |
|  89.77 |         233 |
| 111.74 |         234 |
|  93.75 |         235 |
| 175.58 |         236 |
| 144.67 |         237 |
|  94.79 |         238 |
| 142.66 |         239 |
| 117.74 |         240 |
| 122.66 |         241 |
| 140.68 |         242 |
|  82.76 |         243 |
| 129.68 |         244 |
| 132.68 |         245 |
| 107.77 |         246 |
| 104.78 |         247 |
|  50.85 |         248 |
| 107.77 |         249 |
|  73.80 |         250 |
| 120.69 |         251 |
|  64.78 |         252 |
| 127.71 |         253 |
| 116.68 |         254 |
|  70.82 |         255 |
| 112.70 |         256 |
| 151.63 |         257 |
| 110.76 |         258 |
| 168.68 |         259 |
| 122.69 |         260 |
| 107.74 |         261 |
| 119.72 |         262 |
| 122.71 |         263 |
|  98.75 |         264 |
| 133.71 |         265 |
| 118.72 |         266 |
| 159.64 |         267 |
| 123.71 |         268 |
| 129.70 |         269 |
| 104.75 |         270 |
|  68.82 |         271 |
|  98.80 |         272 |
| 157.65 |         273 |
| 152.65 |         274 |
| 108.70 |         275 |
| 122.72 |         276 |
| 144.68 |         277 |
|  88.74 |         278 |
| 135.69 |         279 |
| 118.73 |         280 |
|  50.86 |         281 |
| 103.73 |         282 |
|  86.72 |         283 |
| 126.72 |         284 |
| 135.74 |         285 |
| 117.73 |         286 |
| 115.71 |         287 |
|  80.76 |         288 |
| 142.70 |         289 |
| 109.72 |         290 |
|  95.77 |         291 |
| 118.73 |         292 |
| 158.69 |         293 |
| 113.74 |         294 |
| 162.62 |         295 |
| 129.70 |         296 |
| 128.67 |         297 |
| 101.74 |         298 |
| 131.70 |         299 |
| 137.69 |         300 |
|  92.79 |         301 |
| 127.71 |         302 |
| 100.74 |         303 |
| 115.74 |         304 |
| 109.75 |         305 |
| 138.68 |         306 |
| 134.70 |         307 |
| 105.75 |         308 |
| 147.69 |         309 |
|  97.80 |         310 |
| 120.77 |         311 |
| 104.74 |         312 |
|  89.77 |         313 |
| 131.67 |         314 |
|  84.83 |         315 |
| 132.71 |         316 |
| 114.72 |         317 |
|  52.88 |         318 |
| 132.70 |         319 |
|  71.80 |         320 |
| 116.78 |         321 |
| 128.72 |         322 |
| 114.69 |         323 |
| 103.75 |         324 |
|  91.78 |         325 |
|  96.75 |         326 |
| 112.74 |         327 |
|  90.77 |         328 |
| 127.68 |         329 |
|  94.75 |         330 |
| 122.73 |         331 |
| 118.72 |         332 |
| 109.73 |         333 |
| 135.70 |         334 |
|  78.77 |         335 |
| 119.70 |         336 |
| 143.71 |         337 |
| 114.72 |         338 |
| 127.70 |         339 |
| 119.69 |         340 |
| 106.77 |         341 |
| 130.68 |         342 |
| 114.75 |         343 |
|  73.82 |         344 |
| 106.77 |         345 |
| 155.68 |         346 |
| 142.70 |         347 |
| 146.64 |         348 |
| 138.71 |         349 |
|  73.77 |         350 |
|  89.76 |         351 |
|  99.77 |         352 |
|  72.82 |         353 |
| 129.64 |         354 |
|  72.80 |         355 |
| 121.70 |         356 |
|  89.74 |         357 |
|  80.79 |         358 |
| 101.75 |         359 |
| 150.66 |         360 |
| 100.69 |         361 |
| 145.68 |         362 |
| 143.71 |         363 |
|  95.77 |         364 |
| 103.77 |         365 |
| 152.63 |         366 |
| 101.78 |         367 |
| 157.65 |         368 |
|  88.75 |         369 |
|  70.81 |         370 |
| 149.65 |         371 |
| 158.66 |         372 |
| 161.65 |         373 |
| 103.72 |         374 |
| 110.76 |         375 |
| 110.72 |         376 |
|  93.74 |         377 |
|  71.81 |         378 |
| 106.77 |         379 |
| 136.64 |         380 |
| 106.65 |         381 |
|  91.76 |         382 |
| 103.73 |         383 |
|  89.75 |         384 |
| 101.74 |         385 |
| 117.71 |         386 |
| 101.74 |         387 |
| 124.70 |         388 |
| 124.74 |         389 |
| 152.67 |         390 |
| 104.70 |         391 |
|  91.77 |         392 |
| 121.69 |         393 |
|  84.78 |         394 |
|  57.81 |         395 |
| 111.73 |         396 |
| 105.71 |         397 |
|  78.84 |         398 |
|  91.79 |         399 |
| 124.72 |         400 |
|  73.79 |         401 |
|  79.80 |         402 |
| 166.65 |         403 |
| 139.70 |         404 |
| 109.68 |         405 |
| 122.68 |         406 |
| 112.73 |         407 |
| 116.70 |         408 |
| 104.77 |         409 |
| 167.62 |         410 |
|  80.74 |         411 |
|  85.79 |         412 |
|  75.79 |         413 |
| 105.75 |         414 |
|  93.77 |         415 |
| 121.69 |         416 |
| 110.75 |         417 |
| 107.70 |         418 |
|  89.75 |         419 |
|  79.79 |         420 |
| 119.73 |         421 |
|  97.74 |         422 |
| 120.74 |         423 |
| 110.70 |         424 |
| 104.74 |         425 |
| 126.73 |         426 |
| 114.76 |         427 |
|  78.80 |         428 |
| 105.79 |         429 |
|  79.78 |         430 |
|  95.77 |         431 |
| 116.77 |         432 |
| 133.75 |         433 |
| 128.73 |         434 |
|  91.75 |         435 |
| 144.70 |         436 |
|  99.77 |         437 |
| 134.67 |         438 |
| 151.64 |         439 |
|  88.78 |         440 |
| 112.72 |         441 |
| 118.68 |         442 |
|  98.78 |         443 |
| 115.70 |         444 |
| 102.74 |         445 |
| 116.69 |         446 |
| 113.71 |         447 |
| 135.71 |         448 |
|  99.80 |         449 |
|  89.74 |         450 |
| 128.67 |         451 |
| 107.68 |         452 |
| 111.77 |         453 |
| 151.67 |         454 |
|  87.76 |         455 |
| 100.75 |         456 |
| 114.72 |         457 |
|  66.81 |         458 |
| 186.62 |         459 |
| 109.75 |         460 |
|  97.72 |         461 |
| 159.67 |         462 |
|  91.75 |         463 |
|  73.84 |         464 |
|  69.83 |         465 |
| 104.77 |         466 |
| 139.71 |         467 |
| 175.61 |         468 |
| 177.60 |         469 |
| 160.68 |         470 |
| 109.73 |         471 |
| 141.70 |         472 |
| 134.66 |         473 |
| 100.74 |         474 |
| 103.76 |         475 |
|  95.78 |         476 |
| 109.78 |         477 |
|  86.81 |         478 |
| 146.69 |         479 |
| 101.78 |         480 |
| 115.71 |         481 |
| 138.71 |         482 |
|  88.82 |         483 |
| 139.70 |         484 |
| 115.71 |         485 |
| 113.74 |         486 |
| 119.74 |         487 |
|  95.78 |         488 |
|  99.79 |         489 |
| 117.76 |         490 |
| 124.73 |         491 |
|  65.84 |         492 |
| 112.77 |         493 |
| 140.69 |         494 |
| 120.74 |         495 |
|  88.79 |         496 |
| 129.72 |         497 |
|  97.73 |         498 |
| 123.70 |         499 |
| 115.72 |         500 |
|  89.79 |         501 |
| 138.66 |         502 |
| 115.68 |         503 |
| 133.72 |         504 |
|  97.79 |         505 |
| 152.65 |         506 |
|  95.75 |         507 |
| 127.75 |         508 |
| 100.80 |         509 |
| 122.74 |         510 |
|  99.76 |         511 |
| 115.74 |         512 |
| 148.69 |         513 |
|  74.78 |         514 |
| 126.72 |         515 |
|  98.74 |         516 |
| 105.75 |         517 |
| 111.74 |         518 |
| 103.77 |         519 |
| 134.68 |         520 |
|  80.77 |         521 |
| 167.67 |         522 |
|  93.78 |         523 |
|  87.81 |         524 |
|  74.81 |         525 |
| 221.55 |         526 |
|  81.76 |         527 |
| 111.75 |         528 |
| 118.71 |         529 |
|  76.77 |         530 |
| 118.75 |         531 |
| 152.68 |         532 |
| 141.67 |         533 |
|  88.76 |         534 |
| 135.68 |         535 |
| 117.75 |         536 |
| 103.75 |         537 |
| 117.71 |         538 |
|  90.78 |         539 |
| 112.76 |         540 |
| 108.76 |         541 |
|  94.82 |         542 |
|  82.78 |         543 |
|  98.78 |         544 |
|  89.79 |         545 |
| 103.75 |         546 |
|  99.77 |         547 |
|  79.81 |         548 |
|  77.80 |         549 |
| 159.68 |         550 |
|  96.74 |         551 |
|  90.79 |         552 |
| 107.76 |         553 |
| 101.78 |         554 |
|  74.83 |         555 |
|  83.79 |         556 |
|  73.76 |         557 |
| 135.72 |         558 |
| 110.72 |         559 |
| 132.70 |         560 |
|  96.73 |         561 |
| 109.75 |         562 |
| 110.71 |         563 |
|  91.76 |         564 |
| 126.71 |         565 |
| 141.66 |         566 |
|  85.80 |         567 |
|  66.79 |         568 |
| 134.68 |         569 |
|  99.74 |         570 |
| 121.76 |         571 |
| 108.75 |         572 |
| 120.71 |         573 |
| 109.72 |         574 |
| 126.71 |         575 |
| 139.66 |         576 |
| 117.73 |         577 |
|  96.78 |         578 |
| 111.73 |         579 |
|  99.73 |         580 |
| 107.73 |         581 |
| 113.75 |         582 |
| 117.77 |         583 |
| 129.70 |         584 |
| 117.76 |         585 |
|  64.81 |         586 |
| 108.74 |         587 |
| 115.71 |         588 |
| 129.72 |         589 |
| 112.75 |         590 |
| 134.73 |         591 |
| 111.71 |         592 |
| 113.74 |         593 |
| 130.73 |         594 |
| 117.70 |         595 |
|  96.72 |         596 |
|  99.75 |         597 |
|  83.78 |         598 |
|  83.81 |         599 |
+--------+-------------+
599 rows in set (0.0603 sec)
 MySQL  localhost:3306 ssl  sakila  SQL > SELECT sum(amount) as total, customer_id FROM payment GROUP BY customer_id ORDER BY total;
+--------+-------------+
| total  | customer_id |
+--------+-------------+
|  50.85 |         248 |
|  50.86 |         281 |
|  52.88 |         318 |
|  57.81 |         395 |
|  58.82 |          97 |
|  58.86 |          61 |
|  59.86 |         110 |
|  62.85 |         136 |
|  64.78 |         252 |
|  64.81 |         586 |
|  65.84 |         492 |
|  66.79 |         568 |
|  66.81 |         458 |
|  66.84 |         164 |
|  67.82 |         218 |
|  68.79 |         159 |
|  68.82 |         271 |
|  69.83 |         465 |
|  70.81 |         370 |
|  70.82 |         255 |
|  71.77 |         177 |
|  71.80 |         162 |
|  71.80 |         320 |
|  71.81 |         117 |
|  71.81 |         378 |
|  72.80 |         355 |
|  72.82 |         353 |
|  73.76 |         557 |
|  73.77 |         350 |
|  73.79 |         401 |
|  73.80 |         250 |
|  73.82 |         124 |
|  73.82 |         344 |
|  73.84 |         464 |
|  74.78 |         514 |
|  74.80 |         191 |
|  74.81 |         525 |
|  74.83 |         555 |
|  75.79 |         413 |
|  76.77 |         183 |
|  76.77 |         530 |
|  76.78 |         224 |
|  76.83 |          48 |
|  77.77 |          76 |
|  77.80 |         549 |
|  77.82 |          95 |
|  78.77 |         335 |
|  78.80 |         428 |
|  78.84 |         398 |
|  79.78 |         430 |
|  79.79 |          94 |
|  79.79 |         420 |
|  79.80 |         402 |
|  79.81 |         548 |
|  80.74 |         411 |
|  80.76 |         288 |
|  80.77 |         521 |
|  80.79 |         358 |
|  80.82 |          70 |
|  80.82 |         205 |
|  80.83 |         223 |
|  81.76 |         527 |
|  81.78 |           4 |
|  82.76 |         243 |
|  82.78 |         543 |
|  82.79 |         118 |
|  83.78 |         598 |
|  83.79 |         152 |
|  83.79 |         556 |
|  83.81 |         599 |
|  83.82 |         140 |
|  84.77 |          62 |
|  84.77 |         185 |
|  84.78 |          79 |
|  84.78 |         394 |
|  84.83 |         315 |
|  85.79 |         412 |
|  85.80 |         567 |
|  86.72 |         283 |
|  86.79 |         165 |
|  86.81 |         195 |
|  86.81 |         478 |
|  87.76 |         227 |
|  87.76 |         455 |
|  87.77 |          85 |
|  87.79 |          88 |
|  87.79 |         226 |
|  87.81 |         524 |
|  87.82 |         194 |
|  88.74 |         278 |
|  88.75 |         369 |
|  88.76 |         534 |
|  88.78 |         440 |
|  88.79 |         496 |
|  88.80 |         203 |
|  88.82 |         483 |
|  89.74 |         357 |
|  89.74 |         450 |
|  89.75 |         384 |
|  89.75 |         419 |
|  89.76 |          34 |
|  89.76 |         351 |
|  89.77 |           9 |
|  89.77 |         233 |
|  89.77 |         313 |
|  89.78 |         143 |
|  89.79 |         501 |
|  89.79 |         545 |
|  90.77 |         184 |
|  90.77 |         328 |
|  90.78 |         539 |
|  90.79 |         552 |
|  91.70 |         115 |
|  91.74 |         208 |
|  91.74 |         215 |
|  91.75 |         435 |
|  91.75 |         463 |
|  91.76 |          99 |
|  91.76 |         382 |
|  91.76 |         564 |
|  91.77 |          93 |
|  91.77 |         392 |
|  91.78 |          18 |
|  91.78 |         325 |
|  91.79 |          33 |
|  91.79 |         222 |
|  91.79 |         399 |
|  91.80 |         212 |
|  92.73 |          36 |
|  92.73 |         151 |
|  92.73 |         228 |
|  92.75 |         188 |
|  92.76 |           8 |
|  92.76 |         104 |
|  92.79 |         174 |
|  92.79 |         301 |
|  93.72 |           6 |
|  93.74 |         377 |
|  93.75 |         229 |
|  93.75 |         235 |
|  93.76 |         130 |
|  93.77 |         415 |
|  93.78 |          81 |
|  93.78 |         189 |
|  93.78 |         523 |
|  94.74 |         142 |
|  94.75 |         330 |
|  94.76 |         153 |
|  94.77 |         134 |
|  94.78 |          68 |
|  94.79 |         238 |
|  94.82 |         542 |
|  95.72 |         132 |
|  95.75 |          24 |
|  95.75 |         232 |
|  95.75 |         507 |
|  95.77 |          37 |
|  95.77 |         216 |
|  95.77 |         291 |
|  95.77 |         364 |
|  95.77 |         431 |
|  95.78 |         169 |
|  95.78 |         476 |
|  95.78 |         488 |
|  96.72 |         596 |
|  96.73 |         561 |
|  96.74 |         551 |
|  96.75 |          69 |
|  96.75 |         326 |
|  96.76 |         101 |
|  96.78 |         578 |
|  97.72 |         461 |
|  97.73 |         498 |
|  97.74 |         111 |
|  97.74 |         182 |
|  97.74 |         422 |
|  97.76 |          73 |
|  97.79 |         505 |
|  97.80 |         310 |
|  98.73 |         133 |
|  98.74 |         516 |
|  98.75 |          60 |
|  98.75 |         264 |
|  98.76 |         175 |
|  98.77 |         180 |
|  98.77 |         217 |
|  98.78 |         443 |
|  98.78 |         544 |
|  98.79 |          17 |
|  98.80 |         272 |
|  99.70 |          72 |
|  99.73 |         580 |
|  99.74 |         570 |
|  99.75 |          10 |
|  99.75 |         597 |
|  99.76 |          43 |
|  99.76 |         511 |
|  99.77 |         192 |
|  99.77 |         352 |
|  99.77 |         437 |
|  99.77 |         547 |
|  99.78 |          67 |
|  99.79 |         489 |
|  99.80 |         449 |
| 100.67 |          64 |
| 100.69 |         361 |
| 100.72 |          77 |
| 100.74 |         303 |
| 100.74 |         474 |
| 100.75 |         456 |
| 100.76 |         123 |
| 100.77 |         106 |
| 100.78 |          55 |
| 100.80 |         509 |
| 101.74 |         219 |
| 101.74 |         298 |
| 101.74 |         385 |
| 101.74 |         387 |
| 101.75 |          83 |
| 101.75 |         156 |
| 101.75 |         359 |
| 101.78 |         367 |
| 101.78 |         480 |
| 101.78 |         554 |
| 102.74 |         445 |
| 102.76 |         100 |
| 103.72 |          12 |
| 103.72 |         374 |
| 103.73 |          74 |
| 103.73 |         282 |
| 103.73 |         383 |
| 103.74 |         202 |
| 103.75 |         199 |
| 103.75 |         324 |
| 103.75 |         537 |
| 103.75 |         546 |
| 103.76 |         475 |
| 103.77 |         365 |
| 103.77 |         519 |
| 103.78 |          65 |
| 104.70 |         391 |
| 104.74 |          31 |
| 104.74 |         312 |
| 104.74 |         425 |
| 104.75 |         270 |
| 104.77 |         409 |
| 104.77 |         466 |
| 104.78 |         247 |
| 105.71 |         397 |
| 105.73 |          96 |
| 105.75 |         150 |
| 105.75 |         308 |
| 105.75 |         414 |
| 105.75 |         517 |
| 105.79 |         429 |
| 106.65 |         381 |
| 106.73 |         160 |
| 106.75 |          98 |
| 106.76 |          11 |
| 106.77 |         341 |
| 106.77 |         345 |
| 106.77 |         379 |
| 107.68 |         452 |
| 107.70 |         418 |
| 107.71 |          52 |
| 107.73 |         581 |
| 107.74 |         109 |
| 107.74 |         261 |
| 107.76 |         127 |
| 107.76 |         553 |
| 107.77 |         246 |
| 107.77 |         249 |
| 108.70 |         275 |
| 108.72 |         145 |
| 108.74 |         587 |
| 108.75 |         201 |
| 108.75 |         572 |
| 108.76 |         541 |
| 108.78 |          47 |
| 109.68 |         405 |
| 109.72 |         290 |
| 109.72 |         574 |
| 109.73 |         333 |
| 109.73 |         471 |
| 109.74 |         121 |
| 109.75 |         155 |
| 109.75 |         193 |
| 109.75 |         305 |
| 109.75 |         460 |
| 109.75 |         562 |
| 109.78 |         477 |
| 110.66 |         138 |
| 110.70 |         135 |
| 110.70 |         424 |
| 110.71 |         563 |
| 110.72 |          90 |
| 110.72 |         376 |
| 110.72 |         559 |
| 110.73 |          40 |
| 110.73 |         190 |
| 110.74 |         231 |
| 110.75 |         417 |
| 110.76 |         258 |
| 110.76 |         375 |
| 111.68 |          28 |
| 111.71 |         592 |
| 111.72 |         213 |
| 111.73 |         116 |
| 111.73 |         396 |
| 111.73 |         579 |
| 111.74 |         234 |
| 111.74 |         518 |
| 111.75 |         528 |
| 111.77 |         453 |
| 112.70 |         161 |
| 112.70 |         256 |
| 112.72 |         441 |
| 112.73 |         407 |
| 112.74 |         327 |
| 112.75 |          63 |
| 112.75 |         590 |
| 112.76 |         540 |
| 112.77 |         493 |
| 113.65 |          91 |
| 113.69 |         157 |
| 113.71 |         113 |
| 113.71 |         447 |
| 113.73 |         139 |
| 113.74 |         294 |
| 113.74 |         486 |
| 113.74 |         593 |
| 113.75 |         582 |
| 113.78 |          22 |
| 114.69 |         186 |
| 114.69 |         323 |
| 114.72 |          57 |
| 114.72 |         317 |
| 114.72 |         338 |
| 114.72 |         457 |
| 114.73 |         220 |
| 114.74 |          44 |
| 114.74 |         171 |
| 114.75 |         343 |
| 114.76 |         427 |
| 115.68 |         503 |
| 115.70 |          20 |
| 115.70 |          53 |
| 115.70 |         444 |
| 115.71 |          25 |
| 115.71 |         287 |
| 115.71 |         481 |
| 115.71 |         485 |
| 115.71 |         588 |
| 115.72 |         500 |
| 115.73 |          58 |
| 115.74 |         304 |
| 115.74 |         512 |
| 116.68 |         254 |
| 116.69 |         214 |
| 116.69 |         446 |
| 116.70 |         408 |
| 116.77 |         432 |
| 116.78 |         321 |
| 117.70 |          42 |
| 117.70 |         595 |
| 117.71 |         386 |
| 117.71 |         538 |
| 117.72 |          14 |
| 117.72 |         126 |
| 117.73 |         286 |
| 117.73 |         577 |
| 117.74 |         240 |
| 117.75 |         536 |
| 117.76 |         490 |
| 117.76 |         585 |
| 117.77 |         583 |
| 118.68 |           1 |
| 118.68 |         442 |
| 118.71 |         529 |
| 118.72 |          16 |
| 118.72 |         266 |
| 118.72 |         332 |
| 118.73 |         280 |
| 118.73 |         292 |
| 118.75 |          41 |
| 118.75 |         531 |
| 119.68 |         167 |
| 119.69 |         340 |
| 119.70 |          23 |
| 119.70 |         336 |
| 119.71 |         173 |
| 119.72 |         262 |
| 119.73 |         421 |
| 119.74 |         170 |
| 119.74 |         487 |
| 120.69 |         251 |
| 120.71 |         573 |
| 120.74 |         105 |
| 120.74 |         225 |
| 120.74 |         423 |
| 120.74 |         495 |
| 120.77 |         311 |
| 121.69 |         393 |
| 121.69 |         416 |
| 121.70 |         356 |
| 121.74 |         149 |
| 121.76 |         571 |
| 122.66 |         241 |
| 122.68 |         406 |
| 122.69 |         260 |
| 122.71 |         163 |
| 122.71 |         263 |
| 122.72 |         276 |
| 122.73 |         331 |
| 122.74 |         510 |
| 123.66 |          30 |
| 123.70 |         499 |
| 123.71 |         268 |
| 123.72 |         166 |
| 124.66 |         129 |
| 124.67 |         230 |
| 124.70 |         388 |
| 124.72 |         400 |
| 124.73 |         491 |
| 124.74 |         389 |
| 125.76 |          19 |
| 126.68 |         122 |
| 126.68 |         158 |
| 126.69 |          27 |
| 126.70 |         107 |
| 126.71 |         565 |
| 126.71 |         575 |
| 126.72 |         284 |
| 126.72 |         515 |
| 126.73 |         206 |
| 126.73 |         426 |
| 127.66 |          38 |
| 127.66 |         147 |
| 127.68 |         128 |
| 127.68 |         329 |
| 127.70 |         339 |
| 127.71 |          32 |
| 127.71 |         253 |
| 127.71 |         302 |
| 127.73 |          45 |
| 127.75 |         508 |
| 128.67 |         297 |
| 128.67 |         451 |
| 128.70 |         131 |
| 128.71 |          54 |
| 128.72 |         322 |
| 128.73 |           2 |
| 128.73 |         434 |
| 129.64 |         354 |
| 129.68 |          35 |
| 129.68 |         244 |
| 129.70 |          71 |
| 129.70 |         269 |
| 129.70 |         296 |
| 129.70 |         584 |
| 129.72 |         497 |
| 129.72 |         589 |
| 130.68 |         141 |
| 130.68 |         342 |
| 130.70 |         154 |
| 130.72 |          49 |
| 130.73 |         594 |
| 130.74 |          82 |
| 131.67 |         314 |
| 131.70 |         299 |
| 131.73 |          13 |
| 132.68 |         245 |
| 132.70 |         108 |
| 132.70 |         319 |
| 132.70 |         560 |
| 132.71 |         316 |
| 132.72 |         221 |
| 133.70 |         112 |
| 133.71 |         179 |
| 133.71 |         265 |
| 133.72 |          92 |
| 133.72 |         504 |
| 133.73 |          59 |
| 133.75 |         433 |
| 134.66 |         473 |
| 134.67 |         438 |
| 134.68 |          15 |
| 134.68 |          89 |
| 134.68 |         520 |
| 134.68 |         569 |
| 134.70 |         307 |
| 134.73 |         591 |
| 135.66 |         168 |
| 135.68 |         125 |
| 135.68 |         535 |
| 135.69 |         279 |
| 135.70 |          56 |
| 135.70 |         334 |
| 135.71 |         448 |
| 135.72 |         558 |
| 135.74 |           3 |
| 135.74 |         285 |
| 136.64 |         380 |
| 136.73 |         200 |
| 137.66 |         207 |
| 137.67 |         102 |
| 137.69 |         210 |
| 137.69 |         300 |
| 137.70 |          80 |
| 138.66 |         502 |
| 138.67 |          51 |
| 138.68 |         306 |
| 138.71 |         349 |
| 138.71 |         482 |
| 139.66 |         576 |
| 139.67 |         114 |
| 139.70 |         404 |
| 139.70 |         484 |
| 139.71 |         146 |
| 139.71 |         467 |
| 140.64 |          29 |
| 140.68 |         242 |
| 140.69 |         494 |
| 141.63 |         198 |
| 141.66 |         566 |
| 141.67 |          84 |
| 141.67 |         533 |
| 141.69 |          78 |
| 141.70 |         472 |
| 141.71 |          39 |
| 142.66 |          46 |
| 142.66 |         239 |
| 142.70 |         289 |
| 142.70 |         347 |
| 143.68 |         120 |
| 143.71 |         337 |
| 143.71 |         363 |
| 144.62 |           5 |
| 144.66 |          66 |
| 144.67 |         237 |
| 144.68 |         277 |
| 144.70 |         436 |
| 145.67 |         172 |
| 145.68 |         362 |
| 145.70 |          87 |
| 146.64 |         348 |
| 146.69 |         103 |
| 146.69 |         479 |
| 147.65 |         204 |
| 147.69 |         309 |
| 148.67 |          86 |
| 148.69 |         513 |
| 149.65 |         371 |
| 150.66 |         360 |
| 151.63 |         257 |
| 151.64 |         439 |
| 151.65 |         196 |
| 151.66 |         211 |
| 151.67 |           7 |
| 151.67 |         454 |
| 152.63 |         366 |
| 152.65 |         274 |
| 152.65 |         506 |
| 152.66 |          26 |
| 152.67 |         390 |
| 152.68 |         532 |
| 153.66 |         119 |
| 154.60 |         197 |
| 155.59 |          75 |
| 155.65 |          21 |
| 155.68 |         346 |
| 157.65 |         273 |
| 157.65 |         368 |
| 158.66 |         372 |
| 158.69 |         293 |
| 159.64 |         267 |
| 159.67 |         462 |
| 159.68 |         550 |
| 159.72 |         187 |
| 160.68 |         470 |
| 161.65 |         373 |
| 161.68 |         209 |
| 162.62 |         295 |
| 166.65 |         403 |
| 167.62 |         410 |
| 167.67 |         522 |
| 168.68 |         259 |
| 169.65 |          50 |
| 173.63 |         176 |
| 174.66 |         181 |
| 175.58 |         236 |
| 175.61 |         468 |
| 177.60 |         469 |
| 186.62 |         459 |
| 194.61 |         137 |
| 194.61 |         178 |
| 195.58 |         144 |
| 216.54 |         148 |
| 221.55 |         526 |
+--------+-------------+
599 rows in set (0.0207 sec)
 MySQL  localhost:3306 ssl  sakila  SQL > select top (SELECT sum(amount) as total, customer_id FROM payment GROUP BY customer_id ORDER BY total)
                                       -> ;
ERROR: 1064 (42000): You have an error in your SQL syntax; check the manual that corresponds to your MySQL server version for the right syntax to use near 'SELECT sum(amount) as total, customer_id FROM payment GROUP BY customer_id ORDER' at line 1
 MySQL  localhost:3306 ssl  sakila  SQL > SELECT sum(amount) as total, customer_id FROM payment GROUP BY customer_id ORDER BY total;
+--------+-------------+
| total  | customer_id |
+--------+-------------+
|  50.85 |         248 |
|  50.86 |         281 |
|  52.88 |         318 |
|  57.81 |         395 |
|  58.82 |          97 |
|  58.86 |          61 |
|  59.86 |         110 |
|  62.85 |         136 |
|  64.78 |         252 |
|  64.81 |         586 |
|  65.84 |         492 |
|  66.79 |         568 |
|  66.81 |         458 |
|  66.84 |         164 |
|  67.82 |         218 |
|  68.79 |         159 |
|  68.82 |         271 |
|  69.83 |         465 |
|  70.81 |         370 |
|  70.82 |         255 |
|  71.77 |         177 |
|  71.80 |         162 |
|  71.80 |         320 |
|  71.81 |         117 |
|  71.81 |         378 |
|  72.80 |         355 |
|  72.82 |         353 |
|  73.76 |         557 |
|  73.77 |         350 |
|  73.79 |         401 |
|  73.80 |         250 |
|  73.82 |         124 |
|  73.82 |         344 |
|  73.84 |         464 |
|  74.78 |         514 |
|  74.80 |         191 |
|  74.81 |         525 |
|  74.83 |         555 |
|  75.79 |         413 |
|  76.77 |         183 |
|  76.77 |         530 |
|  76.78 |         224 |
|  76.83 |          48 |
|  77.77 |          76 |
|  77.80 |         549 |
|  77.82 |          95 |
|  78.77 |         335 |
|  78.80 |         428 |
|  78.84 |         398 |
|  79.78 |         430 |
|  79.79 |          94 |
|  79.79 |         420 |
|  79.80 |         402 |
|  79.81 |         548 |
|  80.74 |         411 |
|  80.76 |         288 |
|  80.77 |         521 |
|  80.79 |         358 |
|  80.82 |          70 |
|  80.82 |         205 |
|  80.83 |         223 |
|  81.76 |         527 |
|  81.78 |           4 |
|  82.76 |         243 |
|  82.78 |         543 |
|  82.79 |         118 |
|  83.78 |         598 |
|  83.79 |         152 |
|  83.79 |         556 |
|  83.81 |         599 |
|  83.82 |         140 |
|  84.77 |          62 |
|  84.77 |         185 |
|  84.78 |          79 |
|  84.78 |         394 |
|  84.83 |         315 |
|  85.79 |         412 |
|  85.80 |         567 |
|  86.72 |         283 |
|  86.79 |         165 |
|  86.81 |         195 |
|  86.81 |         478 |
|  87.76 |         227 |
|  87.76 |         455 |
|  87.77 |          85 |
|  87.79 |          88 |
|  87.79 |         226 |
|  87.81 |         524 |
|  87.82 |         194 |
|  88.74 |         278 |
|  88.75 |         369 |
|  88.76 |         534 |
|  88.78 |         440 |
|  88.79 |         496 |
|  88.80 |         203 |
|  88.82 |         483 |
|  89.74 |         357 |
|  89.74 |         450 |
|  89.75 |         384 |
|  89.75 |         419 |
|  89.76 |          34 |
|  89.76 |         351 |
|  89.77 |           9 |
|  89.77 |         233 |
|  89.77 |         313 |
|  89.78 |         143 |
|  89.79 |         501 |
|  89.79 |         545 |
|  90.77 |         184 |
|  90.77 |         328 |
|  90.78 |         539 |
|  90.79 |         552 |
|  91.70 |         115 |
|  91.74 |         208 |
|  91.74 |         215 |
|  91.75 |         435 |
|  91.75 |         463 |
|  91.76 |          99 |
|  91.76 |         382 |
|  91.76 |         564 |
|  91.77 |          93 |
|  91.77 |         392 |
|  91.78 |          18 |
|  91.78 |         325 |
|  91.79 |          33 |
|  91.79 |         222 |
|  91.79 |         399 |
|  91.80 |         212 |
|  92.73 |          36 |
|  92.73 |         151 |
|  92.73 |         228 |
|  92.75 |         188 |
|  92.76 |           8 |
|  92.76 |         104 |
|  92.79 |         174 |
|  92.79 |         301 |
|  93.72 |           6 |
|  93.74 |         377 |
|  93.75 |         229 |
|  93.75 |         235 |
|  93.76 |         130 |
|  93.77 |         415 |
|  93.78 |          81 |
|  93.78 |         189 |
|  93.78 |         523 |
|  94.74 |         142 |
|  94.75 |         330 |
|  94.76 |         153 |
|  94.77 |         134 |
|  94.78 |          68 |
|  94.79 |         238 |
|  94.82 |         542 |
|  95.72 |         132 |
|  95.75 |          24 |
|  95.75 |         232 |
|  95.75 |         507 |
|  95.77 |          37 |
|  95.77 |         216 |
|  95.77 |         291 |
|  95.77 |         364 |
|  95.77 |         431 |
|  95.78 |         169 |
|  95.78 |         476 |
|  95.78 |         488 |
|  96.72 |         596 |
|  96.73 |         561 |
|  96.74 |         551 |
|  96.75 |          69 |
|  96.75 |         326 |
|  96.76 |         101 |
|  96.78 |         578 |
|  97.72 |         461 |
|  97.73 |         498 |
|  97.74 |         111 |
|  97.74 |         182 |
|  97.74 |         422 |
|  97.76 |          73 |
|  97.79 |         505 |
|  97.80 |         310 |
|  98.73 |         133 |
|  98.74 |         516 |
|  98.75 |          60 |
|  98.75 |         264 |
|  98.76 |         175 |
|  98.77 |         180 |
|  98.77 |         217 |
|  98.78 |         443 |
|  98.78 |         544 |
|  98.79 |          17 |
|  98.80 |         272 |
|  99.70 |          72 |
|  99.73 |         580 |
|  99.74 |         570 |
|  99.75 |          10 |
|  99.75 |         597 |
|  99.76 |          43 |
|  99.76 |         511 |
|  99.77 |         192 |
|  99.77 |         352 |
|  99.77 |         437 |
|  99.77 |         547 |
|  99.78 |          67 |
|  99.79 |         489 |
|  99.80 |         449 |
| 100.67 |          64 |
| 100.69 |         361 |
| 100.72 |          77 |
| 100.74 |         303 |
| 100.74 |         474 |
| 100.75 |         456 |
| 100.76 |         123 |
| 100.77 |         106 |
| 100.78 |          55 |
| 100.80 |         509 |
| 101.74 |         219 |
| 101.74 |         298 |
| 101.74 |         385 |
| 101.74 |         387 |
| 101.75 |          83 |
| 101.75 |         156 |
| 101.75 |         359 |
| 101.78 |         367 |
| 101.78 |         480 |
| 101.78 |         554 |
| 102.74 |         445 |
| 102.76 |         100 |
| 103.72 |          12 |
| 103.72 |         374 |
| 103.73 |          74 |
| 103.73 |         282 |
| 103.73 |         383 |
| 103.74 |         202 |
| 103.75 |         199 |
| 103.75 |         324 |
| 103.75 |         537 |
| 103.75 |         546 |
| 103.76 |         475 |
| 103.77 |         365 |
| 103.77 |         519 |
| 103.78 |          65 |
| 104.70 |         391 |
| 104.74 |          31 |
| 104.74 |         312 |
| 104.74 |         425 |
| 104.75 |         270 |
| 104.77 |         409 |
| 104.77 |         466 |
| 104.78 |         247 |
| 105.71 |         397 |
| 105.73 |          96 |
| 105.75 |         150 |
| 105.75 |         308 |
| 105.75 |         414 |
| 105.75 |         517 |
| 105.79 |         429 |
| 106.65 |         381 |
| 106.73 |         160 |
| 106.75 |          98 |
| 106.76 |          11 |
| 106.77 |         341 |
| 106.77 |         345 |
| 106.77 |         379 |
| 107.68 |         452 |
| 107.70 |         418 |
| 107.71 |          52 |
| 107.73 |         581 |
| 107.74 |         109 |
| 107.74 |         261 |
| 107.76 |         127 |
| 107.76 |         553 |
| 107.77 |         246 |
| 107.77 |         249 |
| 108.70 |         275 |
| 108.72 |         145 |
| 108.74 |         587 |
| 108.75 |         201 |
| 108.75 |         572 |
| 108.76 |         541 |
| 108.78 |          47 |
| 109.68 |         405 |
| 109.72 |         290 |
| 109.72 |         574 |
| 109.73 |         333 |
| 109.73 |         471 |
| 109.74 |         121 |
| 109.75 |         155 |
| 109.75 |         193 |
| 109.75 |         305 |
| 109.75 |         460 |
| 109.75 |         562 |
| 109.78 |         477 |
| 110.66 |         138 |
| 110.70 |         135 |
| 110.70 |         424 |
| 110.71 |         563 |
| 110.72 |          90 |
| 110.72 |         376 |
| 110.72 |         559 |
| 110.73 |          40 |
| 110.73 |         190 |
| 110.74 |         231 |
| 110.75 |         417 |
| 110.76 |         258 |
| 110.76 |         375 |
| 111.68 |          28 |
| 111.71 |         592 |
| 111.72 |         213 |
| 111.73 |         116 |
| 111.73 |         396 |
| 111.73 |         579 |
| 111.74 |         234 |
| 111.74 |         518 |
| 111.75 |         528 |
| 111.77 |         453 |
| 112.70 |         161 |
| 112.70 |         256 |
| 112.72 |         441 |
| 112.73 |         407 |
| 112.74 |         327 |
| 112.75 |          63 |
| 112.75 |         590 |
| 112.76 |         540 |
| 112.77 |         493 |
| 113.65 |          91 |
| 113.69 |         157 |
| 113.71 |         113 |
| 113.71 |         447 |
| 113.73 |         139 |
| 113.74 |         294 |
| 113.74 |         486 |
| 113.74 |         593 |
| 113.75 |         582 |
| 113.78 |          22 |
| 114.69 |         186 |
| 114.69 |         323 |
| 114.72 |          57 |
| 114.72 |         317 |
| 114.72 |         338 |
| 114.72 |         457 |
| 114.73 |         220 |
| 114.74 |          44 |
| 114.74 |         171 |
| 114.75 |         343 |
| 114.76 |         427 |
| 115.68 |         503 |
| 115.70 |          20 |
| 115.70 |          53 |
| 115.70 |         444 |
| 115.71 |          25 |
| 115.71 |         287 |
| 115.71 |         481 |
| 115.71 |         485 |
| 115.71 |         588 |
| 115.72 |         500 |
| 115.73 |          58 |
| 115.74 |         304 |
| 115.74 |         512 |
| 116.68 |         254 |
| 116.69 |         214 |
| 116.69 |         446 |
| 116.70 |         408 |
| 116.77 |         432 |
| 116.78 |         321 |
| 117.70 |          42 |
| 117.70 |         595 |
| 117.71 |         386 |
| 117.71 |         538 |
| 117.72 |          14 |
| 117.72 |         126 |
| 117.73 |         286 |
| 117.73 |         577 |
| 117.74 |         240 |
| 117.75 |         536 |
| 117.76 |         490 |
| 117.76 |         585 |
| 117.77 |         583 |
| 118.68 |           1 |
| 118.68 |         442 |
| 118.71 |         529 |
| 118.72 |          16 |
| 118.72 |         266 |
| 118.72 |         332 |
| 118.73 |         280 |
| 118.73 |         292 |
| 118.75 |          41 |
| 118.75 |         531 |
| 119.68 |         167 |
| 119.69 |         340 |
| 119.70 |          23 |
| 119.70 |         336 |
| 119.71 |         173 |
| 119.72 |         262 |
| 119.73 |         421 |
| 119.74 |         170 |
| 119.74 |         487 |
| 120.69 |         251 |
| 120.71 |         573 |
| 120.74 |         105 |
| 120.74 |         225 |
| 120.74 |         423 |
| 120.74 |         495 |
| 120.77 |         311 |
| 121.69 |         393 |
| 121.69 |         416 |
| 121.70 |         356 |
| 121.74 |         149 |
| 121.76 |         571 |
| 122.66 |         241 |
| 122.68 |         406 |
| 122.69 |         260 |
| 122.71 |         163 |
| 122.71 |         263 |
| 122.72 |         276 |
| 122.73 |         331 |
| 122.74 |         510 |
| 123.66 |          30 |
| 123.70 |         499 |
| 123.71 |         268 |
| 123.72 |         166 |
| 124.66 |         129 |
| 124.67 |         230 |
| 124.70 |         388 |
| 124.72 |         400 |
| 124.73 |         491 |
| 124.74 |         389 |
| 125.76 |          19 |
| 126.68 |         122 |
| 126.68 |         158 |
| 126.69 |          27 |
| 126.70 |         107 |
| 126.71 |         565 |
| 126.71 |         575 |
| 126.72 |         284 |
| 126.72 |         515 |
| 126.73 |         206 |
| 126.73 |         426 |
| 127.66 |          38 |
| 127.66 |         147 |
| 127.68 |         128 |
| 127.68 |         329 |
| 127.70 |         339 |
| 127.71 |          32 |
| 127.71 |         253 |
| 127.71 |         302 |
| 127.73 |          45 |
| 127.75 |         508 |
| 128.67 |         297 |
| 128.67 |         451 |
| 128.70 |         131 |
| 128.71 |          54 |
| 128.72 |         322 |
| 128.73 |           2 |
| 128.73 |         434 |
| 129.64 |         354 |
| 129.68 |          35 |
| 129.68 |         244 |
| 129.70 |          71 |
| 129.70 |         269 |
| 129.70 |         296 |
| 129.70 |         584 |
| 129.72 |         497 |
| 129.72 |         589 |
| 130.68 |         141 |
| 130.68 |         342 |
| 130.70 |         154 |
| 130.72 |          49 |
| 130.73 |         594 |
| 130.74 |          82 |
| 131.67 |         314 |
| 131.70 |         299 |
| 131.73 |          13 |
| 132.68 |         245 |
| 132.70 |         108 |
| 132.70 |         319 |
| 132.70 |         560 |
| 132.71 |         316 |
| 132.72 |         221 |
| 133.70 |         112 |
| 133.71 |         179 |
| 133.71 |         265 |
| 133.72 |          92 |
| 133.72 |         504 |
| 133.73 |          59 |
| 133.75 |         433 |
| 134.66 |         473 |
| 134.67 |         438 |
| 134.68 |          15 |
| 134.68 |          89 |
| 134.68 |         520 |
| 134.68 |         569 |
| 134.70 |         307 |
| 134.73 |         591 |
| 135.66 |         168 |
| 135.68 |         125 |
| 135.68 |         535 |
| 135.69 |         279 |
| 135.70 |          56 |
| 135.70 |         334 |
| 135.71 |         448 |
| 135.72 |         558 |
| 135.74 |           3 |
| 135.74 |         285 |
| 136.64 |         380 |
| 136.73 |         200 |
| 137.66 |         207 |
| 137.67 |         102 |
| 137.69 |         210 |
| 137.69 |         300 |
| 137.70 |          80 |
| 138.66 |         502 |
| 138.67 |          51 |
| 138.68 |         306 |
| 138.71 |         349 |
| 138.71 |         482 |
| 139.66 |         576 |
| 139.67 |         114 |
| 139.70 |         404 |
| 139.70 |         484 |
| 139.71 |         146 |
| 139.71 |         467 |
| 140.64 |          29 |
| 140.68 |         242 |
| 140.69 |         494 |
| 141.63 |         198 |
| 141.66 |         566 |
| 141.67 |          84 |
| 141.67 |         533 |
| 141.69 |          78 |
| 141.70 |         472 |
| 141.71 |          39 |
| 142.66 |          46 |
| 142.66 |         239 |
| 142.70 |         289 |
| 142.70 |         347 |
| 143.68 |         120 |
| 143.71 |         337 |
| 143.71 |         363 |
| 144.62 |           5 |
| 144.66 |          66 |
| 144.67 |         237 |
| 144.68 |         277 |
| 144.70 |         436 |
| 145.67 |         172 |
| 145.68 |         362 |
| 145.70 |          87 |
| 146.64 |         348 |
| 146.69 |         103 |
| 146.69 |         479 |
| 147.65 |         204 |
| 147.69 |         309 |
| 148.67 |          86 |
| 148.69 |         513 |
| 149.65 |         371 |
| 150.66 |         360 |
| 151.63 |         257 |
| 151.64 |         439 |
| 151.65 |         196 |
| 151.66 |         211 |
| 151.67 |           7 |
| 151.67 |         454 |
| 152.63 |         366 |
| 152.65 |         274 |
| 152.65 |         506 |
| 152.66 |          26 |
| 152.67 |         390 |
| 152.68 |         532 |
| 153.66 |         119 |
| 154.60 |         197 |
| 155.59 |          75 |
| 155.65 |          21 |
| 155.68 |         346 |
| 157.65 |         273 |
| 157.65 |         368 |
| 158.66 |         372 |
| 158.69 |         293 |
| 159.64 |         267 |
| 159.67 |         462 |
| 159.68 |         550 |
| 159.72 |         187 |
| 160.68 |         470 |
| 161.65 |         373 |
| 161.68 |         209 |
| 162.62 |         295 |
| 166.65 |         403 |
| 167.62 |         410 |
| 167.67 |         522 |
| 168.68 |         259 |
| 169.65 |          50 |
| 173.63 |         176 |
| 174.66 |         181 |
| 175.58 |         236 |
| 175.61 |         468 |
| 177.60 |         469 |
| 186.62 |         459 |
| 194.61 |         137 |
| 194.61 |         178 |
| 195.58 |         144 |
| 216.54 |         148 |
| 221.55 |         526 |
+--------+-------------+
599 rows in set (0.0208 sec)
 MySQL  localhost:3306 ssl  sakila  SQL > SELECT sum(amount) as total, customer_id FROM payment GROUP BY customer_id ORDER BY total LIMIT=1;
ERROR: 1064 (42000): You have an error in your SQL syntax; check the manual that corresponds to your MySQL server version for the right syntax to use near '=1' at line 1
 MySQL  localhost:3306 ssl  sakila  SQL > SELECT sum(amount) as total, customer_id FROM payment GROUP BY customer_id ORDER BY total LIMIT 1;
+-------+-------------+
| total | customer_id |
+-------+-------------+
| 50.85 |         248 |
+-------+-------------+
1 row in set (0.0632 sec)
 MySQL  localhost:3306 ssl  sakila  SQL > SELECT sum(amount) as total, customer_id FROM payment GROUP BY customer_id ORDER BY desc total LIMIT 1;
ERROR: 1064 (42000): You have an error in your SQL syntax; check the manual that corresponds to your MySQL server version for the right syntax to use near 'desc total LIMIT 1' at line 1
 MySQL  localhost:3306 ssl  sakila  SQL > SELECT sum(amount) as total, customer_id FROM payment GROUP BY customer_id ORDER BY total desc LIMIT 1;
+--------+-------------+
| total  | customer_id |
+--------+-------------+
| 221.55 |         526 |
+--------+-------------+
1 row in set (0.0204 sec)
 MySQL  localhost:3306 ssl  sakila  SQL > SELECT customer_id FROM customer;
+-------------+
| customer_id |
+-------------+
|           1 |
|           2 |
|           3 |
|           5 |
|           7 |
|          10 |
|          12 |
|          15 |
|          17 |
|          19 |
|          21 |
|          22 |
|          25 |
|          28 |
|          30 |
|          32 |
|          37 |
|          38 |
|          39 |
|          41 |
|          44 |
|          45 |
|          47 |
|          48 |
|          50 |
|          51 |
|          52 |
|          53 |
|          54 |
|          56 |
|          58 |
|          59 |
|          60 |
|          62 |
|          63 |
|          67 |
|          68 |
|          71 |
|          74 |
|          78 |
|          79 |
|          80 |
|          81 |
|          82 |
|          83 |
|          87 |
|          89 |
|          93 |
|          94 |
|          96 |
|          98 |
|         100 |
|         101 |
|         102 |
|         103 |
|         104 |
|         105 |
|         106 |
|         107 |
|         108 |
|         111 |
|         115 |
|         116 |
|         117 |
|         118 |
|         119 |
|         121 |
|         122 |
|         124 |
|         125 |
|         126 |
|         128 |
|         129 |
|         130 |
|         133 |
|         134 |
|         138 |
|         139 |
|         140 |
|         141 |
|         142 |
|         143 |
|         144 |
|         145 |
|         146 |
|         148 |
|         149 |
|         152 |
|         155 |
|         156 |
|         158 |
|         159 |
|         161 |
|         163 |
|         166 |
|         168 |
|         170 |
|         172 |
|         173 |
|         175 |
|         176 |
|         179 |
|         182 |
|         184 |
|         185 |
|         188 |
|         189 |
|         191 |
|         192 |
|         195 |
|         196 |
|         201 |
|         203 |
|         204 |
|         206 |
|         207 |
|         208 |
|         211 |
|         213 |
|         214 |
|         216 |
|         218 |
|         221 |
|         223 |
|         225 |
|         227 |
|         229 |
|         231 |
|         234 |
|         235 |
|         236 |
|         237 |
|         238 |
|         240 |
|         242 |
|         243 |
|         245 |
|         246 |
|         247 |
|         248 |
|         253 |
|         258 |
|         260 |
|         261 |
|         263 |
|         264 |
|         267 |
|         268 |
|         269 |
|         270 |
|         271 |
|         272 |
|         274 |
|         276 |
|         283 |
|         284 |
|         285 |
|         286 |
|         288 |
|         289 |
|         290 |
|         291 |
|         295 |
|         297 |
|         298 |
|         300 |
|         302 |
|         305 |
|         306 |
|         308 |
|         309 |
|         314 |
|         316 |
|         318 |
|         321 |
|         322 |
|         325 |
|         326 |
|         330 |
|         331 |
|         332 |
|         335 |
|         336 |
|         337 |
|         338 |
|         340 |
|         341 |
|         342 |
|         343 |
|         344 |
|         345 |
|         346 |
|         350 |
|         351 |
|         352 |
|         353 |
|         357 |
|         362 |
|         364 |
|         366 |
|         367 |
|         368 |
|         371 |
|         373 |
|         376 |
|         377 |
|         378 |
|         379 |
|         380 |
|         383 |
|         385 |
|         386 |
|         389 |
|         390 |
|         391 |
|         393 |
|         396 |
|         397 |
|         398 |
|         399 |
|         402 |
|         403 |
|         405 |
|         406 |
|         407 |
|         408 |
|         411 |
|         414 |
|         415 |
|         417 |
|         419 |
|         420 |
|         421 |
|         422 |
|         426 |
|         430 |
|         432 |
|         433 |
|         434 |
|         436 |
|         438 |
|         440 |
|         441 |
|         442 |
|         445 |
|         447 |
|         448 |
|         450 |
|         451 |
|         452 |
|         453 |
|         458 |
|         459 |
|         460 |
|         461 |
|         464 |
|         465 |
|         466 |
|         468 |
|         470 |
|         471 |
|         472 |
|         476 |
|         477 |
|         478 |
|         479 |
|         480 |
|         481 |
|         482 |
|         484 |
|         485 |
|         486 |
|         489 |
|         490 |
|         493 |
|         498 |
|         500 |
|         501 |
|         502 |
|         503 |
|         504 |
|         505 |
|         509 |
|         511 |
|         512 |
|         515 |
|         518 |
|         523 |
|         524 |
|         527 |
|         528 |
|         533 |
|         534 |
|         535 |
|         539 |
|         540 |
|         543 |
|         546 |
|         547 |
|         548 |
|         549 |
|         553 |
|         554 |
|         555 |
|         557 |
|         558 |
|         560 |
|         562 |
|         566 |
|         572 |
|         573 |
|         580 |
|         581 |
|         583 |
|         585 |
|         586 |
|         587 |
|         588 |
|         589 |
|         591 |
|         592 |
|         594 |
|         595 |
|         596 |
|         597 |
|         598 |
|           4 |
|           6 |
|           8 |
|           9 |
|          11 |
|          13 |
|          14 |
|          16 |
|          18 |
|          20 |
|          23 |
|          24 |
|          26 |
|          27 |
|          29 |
|          31 |
|          33 |
|          34 |
|          35 |
|          36 |
|          40 |
|          42 |
|          43 |
|          46 |
|          49 |
|          55 |
|          57 |
|          61 |
|          64 |
|          65 |
|          66 |
|          69 |
|          70 |
|          72 |
|          73 |
|          75 |
|          76 |
|          77 |
|          84 |
|          85 |
|          86 |
|          88 |
|          90 |
|          91 |
|          92 |
|          95 |
|          97 |
|          99 |
|         109 |
|         110 |
|         112 |
|         113 |
|         114 |
|         120 |
|         123 |
|         127 |
|         131 |
|         132 |
|         135 |
|         136 |
|         137 |
|         147 |
|         150 |
|         151 |
|         153 |
|         154 |
|         157 |
|         160 |
|         162 |
|         164 |
|         165 |
|         167 |
|         169 |
|         171 |
|         174 |
|         177 |
|         178 |
|         180 |
|         181 |
|         183 |
|         186 |
|         187 |
|         190 |
|         193 |
|         194 |
|         197 |
|         198 |
|         199 |
|         200 |
|         202 |
|         205 |
|         209 |
|         210 |
|         212 |
|         215 |
|         217 |
|         219 |
|         220 |
|         222 |
|         224 |
|         226 |
|         228 |
|         230 |
|         232 |
|         233 |
|         239 |
|         241 |
|         244 |
|         249 |
|         250 |
|         251 |
|         252 |
|         254 |
|         255 |
|         256 |
|         257 |
|         259 |
|         262 |
|         265 |
|         266 |
|         273 |
|         275 |
|         277 |
|         278 |
|         279 |
|         280 |
|         281 |
|         282 |
|         287 |
|         292 |
|         293 |
|         294 |
|         296 |
|         299 |
|         301 |
|         303 |
|         304 |
|         307 |
|         310 |
|         311 |
|         312 |
|         313 |
|         315 |
|         317 |
|         319 |
|         320 |
|         323 |
|         324 |
|         327 |
|         328 |
|         329 |
|         333 |
|         334 |
|         339 |
|         347 |
|         348 |
|         349 |
|         354 |
|         355 |
|         356 |
|         358 |
|         359 |
|         360 |
|         361 |
|         363 |
|         365 |
|         369 |
|         370 |
|         372 |
|         374 |
|         375 |
|         381 |
|         382 |
|         384 |
|         387 |
|         388 |
|         392 |
|         394 |
|         395 |
|         400 |
|         401 |
|         404 |
|         409 |
|         410 |
|         412 |
|         413 |
|         416 |
|         418 |
|         423 |
|         424 |
|         425 |
|         427 |
|         428 |
|         429 |
|         431 |
|         435 |
|         437 |
|         439 |
|         443 |
|         444 |
|         446 |
|         449 |
|         454 |
|         455 |
|         456 |
|         457 |
|         462 |
|         463 |
|         467 |
|         469 |
|         473 |
|         474 |
|         475 |
|         483 |
|         487 |
|         488 |
|         491 |
|         492 |
|         494 |
|         495 |
|         496 |
|         497 |
|         499 |
|         506 |
|         507 |
|         508 |
|         510 |
|         513 |
|         514 |
|         516 |
|         517 |
|         519 |
|         520 |
|         521 |
|         522 |
|         525 |
|         526 |
|         529 |
|         530 |
|         531 |
|         532 |
|         536 |
|         537 |
|         538 |
|         541 |
|         542 |
|         544 |
|         545 |
|         550 |
|         551 |
|         552 |
|         556 |
|         559 |
|         561 |
|         563 |
|         564 |
|         565 |
|         567 |
|         568 |
|         569 |
|         570 |
|         571 |
|         574 |
|         575 |
|         576 |
|         577 |
|         578 |
|         579 |
|         582 |
|         584 |
|         590 |
|         593 |
|         599 |
+-------------+
599 rows in set (0.0399 sec)
 MySQL  localhost:3306 ssl  sakila  SQL > SELECT customer_id FROM customer WHERE customer_id = (SELECT customer_id, sum(amount) from payment
                                       -> WHERE ^C
 MySQL  localhost:3306 ssl  sakila  SQL > SELECT DISTINCT(customer
customer       customer_list
 MySQL  localhost:3306 ssl  sakila  SQL > SELECT DISTINCT(customer_id) FROM payment;
+-------------+
| customer_id |
+-------------+
|           1 |
|           2 |
|           3 |
|           4 |
|           5 |
|           6 |
|           7 |
|           8 |
|           9 |
|          10 |
|          11 |
|          12 |
|          13 |
|          14 |
|          15 |
|          16 |
|          17 |
|          18 |
|          19 |
|          20 |
|          21 |
|          22 |
|          23 |
|          24 |
|          25 |
|          26 |
|          27 |
|          28 |
|          29 |
|          30 |
|          31 |
|          32 |
|          33 |
|          34 |
|          35 |
|          36 |
|          37 |
|          38 |
|          39 |
|          40 |
|          41 |
|          42 |
|          43 |
|          44 |
|          45 |
|          46 |
|          47 |
|          48 |
|          49 |
|          50 |
|          51 |
|          52 |
|          53 |
|          54 |
|          55 |
|          56 |
|          57 |
|          58 |
|          59 |
|          60 |
|          61 |
|          62 |
|          63 |
|          64 |
|          65 |
|          66 |
|          67 |
|          68 |
|          69 |
|          70 |
|          71 |
|          72 |
|          73 |
|          74 |
|          75 |
|          76 |
|          77 |
|          78 |
|          79 |
|          80 |
|          81 |
|          82 |
|          83 |
|          84 |
|          85 |
|          86 |
|          87 |
|          88 |
|          89 |
|          90 |
|          91 |
|          92 |
|          93 |
|          94 |
|          95 |
|          96 |
|          97 |
|          98 |
|          99 |
|         100 |
|         101 |
|         102 |
|         103 |
|         104 |
|         105 |
|         106 |
|         107 |
|         108 |
|         109 |
|         110 |
|         111 |
|         112 |
|         113 |
|         114 |
|         115 |
|         116 |
|         117 |
|         118 |
|         119 |
|         120 |
|         121 |
|         122 |
|         123 |
|         124 |
|         125 |
|         126 |
|         127 |
|         128 |
|         129 |
|         130 |
|         131 |
|         132 |
|         133 |
|         134 |
|         135 |
|         136 |
|         137 |
|         138 |
|         139 |
|         140 |
|         141 |
|         142 |
|         143 |
|         144 |
|         145 |
|         146 |
|         147 |
|         148 |
|         149 |
|         150 |
|         151 |
|         152 |
|         153 |
|         154 |
|         155 |
|         156 |
|         157 |
|         158 |
|         159 |
|         160 |
|         161 |
|         162 |
|         163 |
|         164 |
|         165 |
|         166 |
|         167 |
|         168 |
|         169 |
|         170 |
|         171 |
|         172 |
|         173 |
|         174 |
|         175 |
|         176 |
|         177 |
|         178 |
|         179 |
|         180 |
|         181 |
|         182 |
|         183 |
|         184 |
|         185 |
|         186 |
|         187 |
|         188 |
|         189 |
|         190 |
|         191 |
|         192 |
|         193 |
|         194 |
|         195 |
|         196 |
|         197 |
|         198 |
|         199 |
|         200 |
|         201 |
|         202 |
|         203 |
|         204 |
|         205 |
|         206 |
|         207 |
|         208 |
|         209 |
|         210 |
|         211 |
|         212 |
|         213 |
|         214 |
|         215 |
|         216 |
|         217 |
|         218 |
|         219 |
|         220 |
|         221 |
|         222 |
|         223 |
|         224 |
|         225 |
|         226 |
|         227 |
|         228 |
|         229 |
|         230 |
|         231 |
|         232 |
|         233 |
|         234 |
|         235 |
|         236 |
|         237 |
|         238 |
|         239 |
|         240 |
|         241 |
|         242 |
|         243 |
|         244 |
|         245 |
|         246 |
|         247 |
|         248 |
|         249 |
|         250 |
|         251 |
|         252 |
|         253 |
|         254 |
|         255 |
|         256 |
|         257 |
|         258 |
|         259 |
|         260 |
|         261 |
|         262 |
|         263 |
|         264 |
|         265 |
|         266 |
|         267 |
|         268 |
|         269 |
|         270 |
|         271 |
|         272 |
|         273 |
|         274 |
|         275 |
|         276 |
|         277 |
|         278 |
|         279 |
|         280 |
|         281 |
|         282 |
|         283 |
|         284 |
|         285 |
|         286 |
|         287 |
|         288 |
|         289 |
|         290 |
|         291 |
|         292 |
|         293 |
|         294 |
|         295 |
|         296 |
|         297 |
|         298 |
|         299 |
|         300 |
|         301 |
|         302 |
|         303 |
|         304 |
|         305 |
|         306 |
|         307 |
|         308 |
|         309 |
|         310 |
|         311 |
|         312 |
|         313 |
|         314 |
|         315 |
|         316 |
|         317 |
|         318 |
|         319 |
|         320 |
|         321 |
|         322 |
|         323 |
|         324 |
|         325 |
|         326 |
|         327 |
|         328 |
|         329 |
|         330 |
|         331 |
|         332 |
|         333 |
|         334 |
|         335 |
|         336 |
|         337 |
|         338 |
|         339 |
|         340 |
|         341 |
|         342 |
|         343 |
|         344 |
|         345 |
|         346 |
|         347 |
|         348 |
|         349 |
|         350 |
|         351 |
|         352 |
|         353 |
|         354 |
|         355 |
|         356 |
|         357 |
|         358 |
|         359 |
|         360 |
|         361 |
|         362 |
|         363 |
|         364 |
|         365 |
|         366 |
|         367 |
|         368 |
|         369 |
|         370 |
|         371 |
|         372 |
|         373 |
|         374 |
|         375 |
|         376 |
|         377 |
|         378 |
|         379 |
|         380 |
|         381 |
|         382 |
|         383 |
|         384 |
|         385 |
|         386 |
|         387 |
|         388 |
|         389 |
|         390 |
|         391 |
|         392 |
|         393 |
|         394 |
|         395 |
|         396 |
|         397 |
|         398 |
|         399 |
|         400 |
|         401 |
|         402 |
|         403 |
|         404 |
|         405 |
|         406 |
|         407 |
|         408 |
|         409 |
|         410 |
|         411 |
|         412 |
|         413 |
|         414 |
|         415 |
|         416 |
|         417 |
|         418 |
|         419 |
|         420 |
|         421 |
|         422 |
|         423 |
|         424 |
|         425 |
|         426 |
|         427 |
|         428 |
|         429 |
|         430 |
|         431 |
|         432 |
|         433 |
|         434 |
|         435 |
|         436 |
|         437 |
|         438 |
|         439 |
|         440 |
|         441 |
|         442 |
|         443 |
|         444 |
|         445 |
|         446 |
|         447 |
|         448 |
|         449 |
|         450 |
|         451 |
|         452 |
|         453 |
|         454 |
|         455 |
|         456 |
|         457 |
|         458 |
|         459 |
|         460 |
|         461 |
|         462 |
|         463 |
|         464 |
|         465 |
|         466 |
|         467 |
|         468 |
|         469 |
|         470 |
|         471 |
|         472 |
|         473 |
|         474 |
|         475 |
|         476 |
|         477 |
|         478 |
|         479 |
|         480 |
|         481 |
|         482 |
|         483 |
|         484 |
|         485 |
|         486 |
|         487 |
|         488 |
|         489 |
|         490 |
|         491 |
|         492 |
|         493 |
|         494 |
|         495 |
|         496 |
|         497 |
|         498 |
|         499 |
|         500 |
|         501 |
|         502 |
|         503 |
|         504 |
|         505 |
|         506 |
|         507 |
|         508 |
|         509 |
|         510 |
|         511 |
|         512 |
|         513 |
|         514 |
|         515 |
|         516 |
|         517 |
|         518 |
|         519 |
|         520 |
|         521 |
|         522 |
|         523 |
|         524 |
|         525 |
|         526 |
|         527 |
|         528 |
|         529 |
|         530 |
|         531 |
|         532 |
|         533 |
|         534 |
|         535 |
|         536 |
|         537 |
|         538 |
|         539 |
|         540 |
|         541 |
|         542 |
|         543 |
|         544 |
|         545 |
|         546 |
|         547 |
|         548 |
|         549 |
|         550 |
|         551 |
|         552 |
|         553 |
|         554 |
|         555 |
|         556 |
|         557 |
|         558 |
|         559 |
|         560 |
|         561 |
|         562 |
|         563 |
|         564 |
|         565 |
|         566 |
|         567 |
|         568 |
|         569 |
|         570 |
|         571 |
|         572 |
|         573 |
|         574 |
|         575 |
|         576 |
|         577 |
|         578 |
|         579 |
|         580 |
|         581 |
|         582 |
|         583 |
|         584 |
|         585 |
|         586 |
|         587 |
|         588 |
|         589 |
|         590 |
|         591 |
|         592 |
|         593 |
|         594 |
|         595 |
|         596 |
|         597 |
|         598 |
|         599 |
+-------------+
599 rows in set (0.0379 sec)
 MySQL  localhost:3306 ssl  sakila  SQL > SELECT COUNT(*) FROM customer;
+----------+
| COUNT(*) |
+----------+
|      599 |
+----------+
1 row in set (0.0008 sec)
 MySQL  localhost:3306 ssl  sakila  SQL > desc customer;
+-------------+-------------------+------+-----+-------------------+-----------------------------------------------+
| Field       | Type              | Null | Key | Default           | Extra                                         |
+-------------+-------------------+------+-----+-------------------+-----------------------------------------------+
| customer_id | smallint unsigned | NO   | PRI | NULL              | auto_increment                                |
| store_id    | tinyint unsigned  | NO   | MUL | NULL              |                                               |
| first_name  | varchar(45)       | NO   |     | NULL              |                                               |
| last_name   | varchar(45)       | NO   | MUL | NULL              |                                               |
| email       | varchar(50)       | YES  |     | NULL              |                                               |
| address_id  | smallint unsigned | NO   | MUL | NULL              |                                               |
| active      | tinyint(1)        | NO   |     | 1                 |                                               |
| create_date | datetime          | NO   |     | NULL              |                                               |
| last_update | timestamp         | YES  |     | CURRENT_TIMESTAMP | DEFAULT_GENERATED on update CURRENT_TIMESTAMP |
+-------------+-------------------+------+-----+-------------------+-----------------------------------------------+
9 rows in set (0.0366 sec)
 MySQL  localhost:3306 ssl  sakila  SQL > ins
INSERT   INSTALL
 MySQL  localhost:3306 ssl  sakila  SQL > show TABLEs;
+----------------------------+
| Tables_in_sakila           |
+----------------------------+
| actor                      |
| actor_info                 |
| address                    |
| category                   |
| city                       |
| country                    |
| customer                   |
| customer_list              |
| film                       |
| film_actor                 |
| film_category              |
| film_list                  |
| film_text                  |
| inventory                  |
| language                   |
| nicer_but_slower_film_list |
| payment                    |
| rental                     |
| sales_by_film_category     |
| sales_by_store             |
| staff                      |
| staff_list                 |
| store                      |
+----------------------------+
23 rows in set (0.0444 sec)
 MySQL  localhost:3306 ssl  sakila  SQL > desc customer;
+-------------+-------------------+------+-----+-------------------+-----------------------------------------------+
| Field       | Type              | Null | Key | Default           | Extra                                         |
+-------------+-------------------+------+-----+-------------------+-----------------------------------------------+
| customer_id | smallint unsigned | NO   | PRI | NULL              | auto_increment                                |
| store_id    | tinyint unsigned  | NO   | MUL | NULL              |                                               |
| first_name  | varchar(45)       | NO   |     | NULL              |                                               |
| last_name   | varchar(45)       | NO   | MUL | NULL              |                                               |
| email       | varchar(50)       | YES  |     | NULL              |                                               |
| address_id  | smallint unsigned | NO   | MUL | NULL              |                                               |
| active      | tinyint(1)        | NO   |     | 1                 |                                               |
| create_date | datetime          | NO   |     | NULL              |                                               |
| last_update | timestamp         | YES  |     | CURRENT_TIMESTAMP | DEFAULT_GENERATED on update CURRENT_TIMESTAMP |
+-------------+-------------------+------+-----+-------------------+-----------------------------------------------+
9 rows in set (0.0014 sec)
 MySQL  localhost:3306 ssl  sakila  SQL > INSERT INTO customer(store_id, first_name, last_name, address_id, active, create_date)
                                       -> value(1, "JUAN", "PEREZ", 1,1,"01-25-1999");
ERROR: 1292 (22007): Incorrect datetime value: '01-25-1999' for column 'create_date' at row 1
 MySQL  localhost:3306 ssl  sakila  SQL > INSERT INTO customer(store_id, first_name, last_name, address_id, active, create_date) value(1, "JUAN", "PEREZ", 1,1,"1999-12-19");
Query OK, 1 row affected (0.1218 sec)
 MySQL  localhost:3306 ssl  sakila  SQL > SELECT * FROM customer WHERE first_name = "JUAN";
+-------------+----------+------------+-----------+--------------------------------+------------+--------+---------------------+---------------------+
| customer_id | store_id | first_name | last_name | email                          | address_id | active | create_date         | last_update         |
+-------------+----------+------------+-----------+--------------------------------+------------+--------+---------------------+---------------------+
|         350 |        1 | JUAN       | FRALEY    | JUAN.FRALEY@sakilacustomer.org |        355 |      1 | 2006-02-14 22:04:37 | 2006-02-15 04:57:20 |
|         600 |        1 | JUAN       | PEREZ     | NULL                           |          1 |      1 | 2024-10-02 19:21:38 | 2024-10-02 19:21:38 |
+-------------+----------+------------+-----------+--------------------------------+------------+--------+---------------------+---------------------+
2 rows in set (0.0369 sec)
 MySQL  localhost:3306 ssl  sakila  SQL > SELECT DISTINCT(customer_id) FROM payment;
+-------------+
| customer_id |
+-------------+
|           1 |
|           2 |
|           3 |
|           4 |
|           5 |
|           6 |
|           7 |
|           8 |
|           9 |
|          10 |
|          11 |
|          12 |
|          13 |
|          14 |
|          15 |
|          16 |
|          17 |
|          18 |
|          19 |
|          20 |
|          21 |
|          22 |
|          23 |
|          24 |
|          25 |
|          26 |
|          27 |
|          28 |
|          29 |
|          30 |
|          31 |
|          32 |
|          33 |
|          34 |
|          35 |
|          36 |
|          37 |
|          38 |
|          39 |
|          40 |
|          41 |
|          42 |
|          43 |
|          44 |
|          45 |
|          46 |
|          47 |
|          48 |
|          49 |
|          50 |
|          51 |
|          52 |
|          53 |
|          54 |
|          55 |
|          56 |
|          57 |
|          58 |
|          59 |
|          60 |
|          61 |
|          62 |
|          63 |
|          64 |
|          65 |
|          66 |
|          67 |
|          68 |
|          69 |
|          70 |
|          71 |
|          72 |
|          73 |
|          74 |
|          75 |
|          76 |
|          77 |
|          78 |
|          79 |
|          80 |
|          81 |
|          82 |
|          83 |
|          84 |
|          85 |
|          86 |
|          87 |
|          88 |
|          89 |
|          90 |
|          91 |
|          92 |
|          93 |
|          94 |
|          95 |
|          96 |
|          97 |
|          98 |
|          99 |
|         100 |
|         101 |
|         102 |
|         103 |
|         104 |
|         105 |
|         106 |
|         107 |
|         108 |
|         109 |
|         110 |
|         111 |
|         112 |
|         113 |
|         114 |
|         115 |
|         116 |
|         117 |
|         118 |
|         119 |
|         120 |
|         121 |
|         122 |
|         123 |
|         124 |
|         125 |
|         126 |
|         127 |
|         128 |
|         129 |
|         130 |
|         131 |
|         132 |
|         133 |
|         134 |
|         135 |
|         136 |
|         137 |
|         138 |
|         139 |
|         140 |
|         141 |
|         142 |
|         143 |
|         144 |
|         145 |
|         146 |
|         147 |
|         148 |
|         149 |
|         150 |
|         151 |
|         152 |
|         153 |
|         154 |
|         155 |
|         156 |
|         157 |
|         158 |
|         159 |
|         160 |
|         161 |
|         162 |
|         163 |
|         164 |
|         165 |
|         166 |
|         167 |
|         168 |
|         169 |
|         170 |
|         171 |
|         172 |
|         173 |
|         174 |
|         175 |
|         176 |
|         177 |
|         178 |
|         179 |
|         180 |
|         181 |
|         182 |
|         183 |
|         184 |
|         185 |
|         186 |
|         187 |
|         188 |
|         189 |
|         190 |
|         191 |
|         192 |
|         193 |
|         194 |
|         195 |
|         196 |
|         197 |
|         198 |
|         199 |
|         200 |
|         201 |
|         202 |
|         203 |
|         204 |
|         205 |
|         206 |
|         207 |
|         208 |
|         209 |
|         210 |
|         211 |
|         212 |
|         213 |
|         214 |
|         215 |
|         216 |
|         217 |
|         218 |
|         219 |
|         220 |
|         221 |
|         222 |
|         223 |
|         224 |
|         225 |
|         226 |
|         227 |
|         228 |
|         229 |
|         230 |
|         231 |
|         232 |
|         233 |
|         234 |
|         235 |
|         236 |
|         237 |
|         238 |
|         239 |
|         240 |
|         241 |
|         242 |
|         243 |
|         244 |
|         245 |
|         246 |
|         247 |
|         248 |
|         249 |
|         250 |
|         251 |
|         252 |
|         253 |
|         254 |
|         255 |
|         256 |
|         257 |
|         258 |
|         259 |
|         260 |
|         261 |
|         262 |
|         263 |
|         264 |
|         265 |
|         266 |
|         267 |
|         268 |
|         269 |
|         270 |
|         271 |
|         272 |
|         273 |
|         274 |
|         275 |
|         276 |
|         277 |
|         278 |
|         279 |
|         280 |
|         281 |
|         282 |
|         283 |
|         284 |
|         285 |
|         286 |
|         287 |
|         288 |
|         289 |
|         290 |
|         291 |
|         292 |
|         293 |
|         294 |
|         295 |
|         296 |
|         297 |
|         298 |
|         299 |
|         300 |
|         301 |
|         302 |
|         303 |
|         304 |
|         305 |
|         306 |
|         307 |
|         308 |
|         309 |
|         310 |
|         311 |
|         312 |
|         313 |
|         314 |
|         315 |
|         316 |
|         317 |
|         318 |
|         319 |
|         320 |
|         321 |
|         322 |
|         323 |
|         324 |
|         325 |
|         326 |
|         327 |
|         328 |
|         329 |
|         330 |
|         331 |
|         332 |
|         333 |
|         334 |
|         335 |
|         336 |
|         337 |
|         338 |
|         339 |
|         340 |
|         341 |
|         342 |
|         343 |
|         344 |
|         345 |
|         346 |
|         347 |
|         348 |
|         349 |
|         350 |
|         351 |
|         352 |
|         353 |
|         354 |
|         355 |
|         356 |
|         357 |
|         358 |
|         359 |
|         360 |
|         361 |
|         362 |
|         363 |
|         364 |
|         365 |
|         366 |
|         367 |
|         368 |
|         369 |
|         370 |
|         371 |
|         372 |
|         373 |
|         374 |
|         375 |
|         376 |
|         377 |
|         378 |
|         379 |
|         380 |
|         381 |
|         382 |
|         383 |
|         384 |
|         385 |
|         386 |
|         387 |
|         388 |
|         389 |
|         390 |
|         391 |
|         392 |
|         393 |
|         394 |
|         395 |
|         396 |
|         397 |
|         398 |
|         399 |
|         400 |
|         401 |
|         402 |
|         403 |
|         404 |
|         405 |
|         406 |
|         407 |
|         408 |
|         409 |
|         410 |
|         411 |
|         412 |
|         413 |
|         414 |
|         415 |
|         416 |
|         417 |
|         418 |
|         419 |
|         420 |
|         421 |
|         422 |
|         423 |
|         424 |
|         425 |
|         426 |
|         427 |
|         428 |
|         429 |
|         430 |
|         431 |
|         432 |
|         433 |
|         434 |
|         435 |
|         436 |
|         437 |
|         438 |
|         439 |
|         440 |
|         441 |
|         442 |
|         443 |
|         444 |
|         445 |
|         446 |
|         447 |
|         448 |
|         449 |
|         450 |
|         451 |
|         452 |
|         453 |
|         454 |
|         455 |
|         456 |
|         457 |
|         458 |
|         459 |
|         460 |
|         461 |
|         462 |
|         463 |
|         464 |
|         465 |
|         466 |
|         467 |
|         468 |
|         469 |
|         470 |
|         471 |
|         472 |
|         473 |
|         474 |
|         475 |
|         476 |
|         477 |
|         478 |
|         479 |
|         480 |
|         481 |
|         482 |
|         483 |
|         484 |
|         485 |
|         486 |
|         487 |
|         488 |
|         489 |
|         490 |
|         491 |
|         492 |
|         493 |
|         494 |
|         495 |
|         496 |
|         497 |
|         498 |
|         499 |
|         500 |
|         501 |
|         502 |
|         503 |
|         504 |
|         505 |
|         506 |
|         507 |
|         508 |
|         509 |
|         510 |
|         511 |
|         512 |
|         513 |
|         514 |
|         515 |
|         516 |
|         517 |
|         518 |
|         519 |
|         520 |
|         521 |
|         522 |
|         523 |
|         524 |
|         525 |
|         526 |
|         527 |
|         528 |
|         529 |
|         530 |
|         531 |
|         532 |
|         533 |
|         534 |
|         535 |
|         536 |
|         537 |
|         538 |
|         539 |
|         540 |
|         541 |
|         542 |
|         543 |
|         544 |
|         545 |
|         546 |
|         547 |
|         548 |
|         549 |
|         550 |
|         551 |
|         552 |
|         553 |
|         554 |
|         555 |
|         556 |
|         557 |
|         558 |
|         559 |
|         560 |
|         561 |
|         562 |
|         563 |
|         564 |
|         565 |
|         566 |
|         567 |
|         568 |
|         569 |
|         570 |
|         571 |
|         572 |
|         573 |
|         574 |
|         575 |
|         576 |
|         577 |
|         578 |
|         579 |
|         580 |
|         581 |
|         582 |
|         583 |
|         584 |
|         585 |
|         586 |
|         587 |
|         588 |
|         589 |
|         590 |
|         591 |
|         592 |
|         593 |
|         594 |
|         595 |
|         596 |
|         597 |
|         598 |
|         599 |
+-------------+
599 rows in set (0.0028 sec)
 MySQL  localhost:3306 ssl  sakila  SQL > SELECT customer_id, FIRST_name, LAST_name FROM customer WHERE
                                       -> customer_id in (SELECT DISTINCT(customer_id) FROM payment);
+-------------+-------------+--------------+
| customer_id | FIRST_name  | LAST_name    |
+-------------+-------------+--------------+
|           1 | MARY        | SMITH        |
|           2 | PATRICIA    | JOHNSON      |
|           3 | LINDA       | WILLIAMS     |
|           4 | BARBARA     | JONES        |
|           5 | ELIZABETH   | BROWN        |
|           6 | JENNIFER    | DAVIS        |
|           7 | MARIA       | MILLER       |
|           8 | SUSAN       | WILSON       |
|           9 | MARGARET    | MOORE        |
|          10 | DOROTHY     | TAYLOR       |
|          11 | LISA        | ANDERSON     |
|          12 | NANCY       | THOMAS       |
|          13 | KAREN       | JACKSON      |
|          14 | BETTY       | WHITE        |
|          15 | HELEN       | HARRIS       |
|          16 | SANDRA      | MARTIN       |
|          17 | DONNA       | THOMPSON     |
|          18 | CAROL       | GARCIA       |
|          19 | RUTH        | MARTINEZ     |
|          20 | SHARON      | ROBINSON     |
|          21 | MICHELLE    | CLARK        |
|          22 | LAURA       | RODRIGUEZ    |
|          23 | SARAH       | LEWIS        |
|          24 | KIMBERLY    | LEE          |
|          25 | DEBORAH     | WALKER       |
|          26 | JESSICA     | HALL         |
|          27 | SHIRLEY     | ALLEN        |
|          28 | CYNTHIA     | YOUNG        |
|          29 | ANGELA      | HERNANDEZ    |
|          30 | MELISSA     | KING         |
|          31 | BRENDA      | WRIGHT       |
|          32 | AMY         | LOPEZ        |
|          33 | ANNA        | HILL         |
|          34 | REBECCA     | SCOTT        |
|          35 | VIRGINIA    | GREEN        |
|          36 | KATHLEEN    | ADAMS        |
|          37 | PAMELA      | BAKER        |
|          38 | MARTHA      | GONZALEZ     |
|          39 | DEBRA       | NELSON       |
|          40 | AMANDA      | CARTER       |
|          41 | STEPHANIE   | MITCHELL     |
|          42 | CAROLYN     | PEREZ        |
|          43 | CHRISTINE   | ROBERTS      |
|          44 | MARIE       | TURNER       |
|          45 | JANET       | PHILLIPS     |
|          46 | CATHERINE   | CAMPBELL     |
|          47 | FRANCES     | PARKER       |
|          48 | ANN         | EVANS        |
|          49 | JOYCE       | EDWARDS      |
|          50 | DIANE       | COLLINS      |
|          51 | ALICE       | STEWART      |
|          52 | JULIE       | SANCHEZ      |
|          53 | HEATHER     | MORRIS       |
|          54 | TERESA      | ROGERS       |
|          55 | DORIS       | REED         |
|          56 | GLORIA      | COOK         |
|          57 | EVELYN      | MORGAN       |
|          58 | JEAN        | BELL         |
|          59 | CHERYL      | MURPHY       |
|          60 | MILDRED     | BAILEY       |
|          61 | KATHERINE   | RIVERA       |
|          62 | JOAN        | COOPER       |
|          63 | ASHLEY      | RICHARDSON   |
|          64 | JUDITH      | COX          |
|          65 | ROSE        | HOWARD       |
|          66 | JANICE      | WARD         |
|          67 | KELLY       | TORRES       |
|          68 | NICOLE      | PETERSON     |
|          69 | JUDY        | GRAY         |
|          70 | CHRISTINA   | RAMIREZ      |
|          71 | KATHY       | JAMES        |
|          72 | THERESA     | WATSON       |
|          73 | BEVERLY     | BROOKS       |
|          74 | DENISE      | KELLY        |
|          75 | TAMMY       | SANDERS      |
|          76 | IRENE       | PRICE        |
|          77 | JANE        | BENNETT      |
|          78 | LORI        | WOOD         |
|          79 | RACHEL      | BARNES       |
|          80 | MARILYN     | ROSS         |
|          81 | ANDREA      | HENDERSON    |
|          82 | KATHRYN     | COLEMAN      |
|          83 | LOUISE      | JENKINS      |
|          84 | SARA        | PERRY        |
|          85 | ANNE        | POWELL       |
|          86 | JACQUELINE  | LONG         |
|          87 | WANDA       | PATTERSON    |
|          88 | BONNIE      | HUGHES       |
|          89 | JULIA       | FLORES       |
|          90 | RUBY        | WASHINGTON   |
|          91 | LOIS        | BUTLER       |
|          92 | TINA        | SIMMONS      |
|          93 | PHYLLIS     | FOSTER       |
|          94 | NORMA       | GONZALES     |
|          95 | PAULA       | BRYANT       |
|          96 | DIANA       | ALEXANDER    |
|          97 | ANNIE       | RUSSELL      |
|          98 | LILLIAN     | GRIFFIN      |
|          99 | EMILY       | DIAZ         |
|         100 | ROBIN       | HAYES        |
|         101 | PEGGY       | MYERS        |
|         102 | CRYSTAL     | FORD         |
|         103 | GLADYS      | HAMILTON     |
|         104 | RITA        | GRAHAM       |
|         105 | DAWN        | SULLIVAN     |
|         106 | CONNIE      | WALLACE      |
|         107 | FLORENCE    | WOODS        |
|         108 | TRACY       | COLE         |
|         109 | EDNA        | WEST         |
|         110 | TIFFANY     | JORDAN       |
|         111 | CARMEN      | OWENS        |
|         112 | ROSA        | REYNOLDS     |
|         113 | CINDY       | FISHER       |
|         114 | GRACE       | ELLIS        |
|         115 | WENDY       | HARRISON     |
|         116 | VICTORIA    | GIBSON       |
|         117 | EDITH       | MCDONALD     |
|         118 | KIM         | CRUZ         |
|         119 | SHERRY      | MARSHALL     |
|         120 | SYLVIA      | ORTIZ        |
|         121 | JOSEPHINE   | GOMEZ        |
|         122 | THELMA      | MURRAY       |
|         123 | SHANNON     | FREEMAN      |
|         124 | SHEILA      | WELLS        |
|         125 | ETHEL       | WEBB         |
|         126 | ELLEN       | SIMPSON      |
|         127 | ELAINE      | STEVENS      |
|         128 | MARJORIE    | TUCKER       |
|         129 | CARRIE      | PORTER       |
|         130 | CHARLOTTE   | HUNTER       |
|         131 | MONICA      | HICKS        |
|         132 | ESTHER      | CRAWFORD     |
|         133 | PAULINE     | HENRY        |
|         134 | EMMA        | BOYD         |
|         135 | JUANITA     | MASON        |
|         136 | ANITA       | MORALES      |
|         137 | RHONDA      | KENNEDY      |
|         138 | HAZEL       | WARREN       |
|         139 | AMBER       | DIXON        |
|         140 | EVA         | RAMOS        |
|         141 | DEBBIE      | REYES        |
|         142 | APRIL       | BURNS        |
|         143 | LESLIE      | GORDON       |
|         144 | CLARA       | SHAW         |
|         145 | LUCILLE     | HOLMES       |
|         146 | JAMIE       | RICE         |
|         147 | JOANNE      | ROBERTSON    |
|         148 | ELEANOR     | HUNT         |
|         149 | VALERIE     | BLACK        |
|         150 | DANIELLE    | DANIELS      |
|         151 | MEGAN       | PALMER       |
|         152 | ALICIA      | MILLS        |
|         153 | SUZANNE     | NICHOLS      |
|         154 | MICHELE     | GRANT        |
|         155 | GAIL        | KNIGHT       |
|         156 | BERTHA      | FERGUSON     |
|         157 | DARLENE     | ROSE         |
|         158 | VERONICA    | STONE        |
|         159 | JILL        | HAWKINS      |
|         160 | ERIN        | DUNN         |
|         161 | GERALDINE   | PERKINS      |
|         162 | LAUREN      | HUDSON       |
|         163 | CATHY       | SPENCER      |
|         164 | JOANN       | GARDNER      |
|         165 | LORRAINE    | STEPHENS     |
|         166 | LYNN        | PAYNE        |
|         167 | SALLY       | PIERCE       |
|         168 | REGINA      | BERRY        |
|         169 | ERICA       | MATTHEWS     |
|         170 | BEATRICE    | ARNOLD       |
|         171 | DOLORES     | WAGNER       |
|         172 | BERNICE     | WILLIS       |
|         173 | AUDREY      | RAY          |
|         174 | YVONNE      | WATKINS      |
|         175 | ANNETTE     | OLSON        |
|         176 | JUNE        | CARROLL      |
|         177 | SAMANTHA    | DUNCAN       |
|         178 | MARION      | SNYDER       |
|         179 | DANA        | HART         |
|         180 | STACY       | CUNNINGHAM   |
|         181 | ANA         | BRADLEY      |
|         182 | RENEE       | LANE         |
|         183 | IDA         | ANDREWS      |
|         184 | VIVIAN      | RUIZ         |
|         185 | ROBERTA     | HARPER       |
|         186 | HOLLY       | FOX          |
|         187 | BRITTANY    | RILEY        |
|         188 | MELANIE     | ARMSTRONG    |
|         189 | LORETTA     | CARPENTER    |
|         190 | YOLANDA     | WEAVER       |
|         191 | JEANETTE    | GREENE       |
|         192 | LAURIE      | LAWRENCE     |
|         193 | KATIE       | ELLIOTT      |
|         194 | KRISTEN     | CHAVEZ       |
|         195 | VANESSA     | SIMS         |
|         196 | ALMA        | AUSTIN       |
|         197 | SUE         | PETERS       |
|         198 | ELSIE       | KELLEY       |
|         199 | BETH        | FRANKLIN     |
|         200 | JEANNE      | LAWSON       |
|         201 | VICKI       | FIELDS       |
|         202 | CARLA       | GUTIERREZ    |
|         203 | TARA        | RYAN         |
|         204 | ROSEMARY    | SCHMIDT      |
|         205 | EILEEN      | CARR         |
|         206 | TERRI       | VASQUEZ      |
|         207 | GERTRUDE    | CASTILLO     |
|         208 | LUCY        | WHEELER      |
|         209 | TONYA       | CHAPMAN      |
|         210 | ELLA        | OLIVER       |
|         211 | STACEY      | MONTGOMERY   |
|         212 | WILMA       | RICHARDS     |
|         213 | GINA        | WILLIAMSON   |
|         214 | KRISTIN     | JOHNSTON     |
|         215 | JESSIE      | BANKS        |
|         216 | NATALIE     | MEYER        |
|         217 | AGNES       | BISHOP       |
|         218 | VERA        | MCCOY        |
|         219 | WILLIE      | HOWELL       |
|         220 | CHARLENE    | ALVAREZ      |
|         221 | BESSIE      | MORRISON     |
|         222 | DELORES     | HANSEN       |
|         223 | MELINDA     | FERNANDEZ    |
|         224 | PEARL       | GARZA        |
|         225 | ARLENE      | HARVEY       |
|         226 | MAUREEN     | LITTLE       |
|         227 | COLLEEN     | BURTON       |
|         228 | ALLISON     | STANLEY      |
|         229 | TAMARA      | NGUYEN       |
|         230 | JOY         | GEORGE       |
|         231 | GEORGIA     | JACOBS       |
|         232 | CONSTANCE   | REID         |
|         233 | LILLIE      | KIM          |
|         234 | CLAUDIA     | FULLER       |
|         235 | JACKIE      | LYNCH        |
|         236 | MARCIA      | DEAN         |
|         237 | TANYA       | GILBERT      |
|         238 | NELLIE      | GARRETT      |
|         239 | MINNIE      | ROMERO       |
|         240 | MARLENE     | WELCH        |
|         241 | HEIDI       | LARSON       |
|         242 | GLENDA      | FRAZIER      |
|         243 | LYDIA       | BURKE        |
|         244 | VIOLA       | HANSON       |
|         245 | COURTNEY    | DAY          |
|         246 | MARIAN      | MENDOZA      |
|         247 | STELLA      | MORENO       |
|         248 | CAROLINE    | BOWMAN       |
|         249 | DORA        | MEDINA       |
|         250 | JO          | FOWLER       |
|         251 | VICKIE      | BREWER       |
|         252 | MATTIE      | HOFFMAN      |
|         253 | TERRY       | CARLSON      |
|         254 | MAXINE      | SILVA        |
|         255 | IRMA        | PEARSON      |
|         256 | MABEL       | HOLLAND      |
|         257 | MARSHA      | DOUGLAS      |
|         258 | MYRTLE      | FLEMING      |
|         259 | LENA        | JENSEN       |
|         260 | CHRISTY     | VARGAS       |
|         261 | DEANNA      | BYRD         |
|         262 | PATSY       | DAVIDSON     |
|         263 | HILDA       | HOPKINS      |
|         264 | GWENDOLYN   | MAY          |
|         265 | JENNIE      | TERRY        |
|         266 | NORA        | HERRERA      |
|         267 | MARGIE      | WADE         |
|         268 | NINA        | SOTO         |
|         269 | CASSANDRA   | WALTERS      |
|         270 | LEAH        | CURTIS       |
|         271 | PENNY       | NEAL         |
|         272 | KAY         | CALDWELL     |
|         273 | PRISCILLA   | LOWE         |
|         274 | NAOMI       | JENNINGS     |
|         275 | CAROLE      | BARNETT      |
|         276 | BRANDY      | GRAVES       |
|         277 | OLGA        | JIMENEZ      |
|         278 | BILLIE      | HORTON       |
|         279 | DIANNE      | SHELTON      |
|         280 | TRACEY      | BARRETT      |
|         281 | LEONA       | OBRIEN       |
|         282 | JENNY       | CASTRO       |
|         283 | FELICIA     | SUTTON       |
|         284 | SONIA       | GREGORY      |
|         285 | MIRIAM      | MCKINNEY     |
|         286 | VELMA       | LUCAS        |
|         287 | BECKY       | MILES        |
|         288 | BOBBIE      | CRAIG        |
|         289 | VIOLET      | RODRIQUEZ    |
|         290 | KRISTINA    | CHAMBERS     |
|         291 | TONI        | HOLT         |
|         292 | MISTY       | LAMBERT      |
|         293 | MAE         | FLETCHER     |
|         294 | SHELLY      | WATTS        |
|         295 | DAISY       | BATES        |
|         296 | RAMONA      | HALE         |
|         297 | SHERRI      | RHODES       |
|         298 | ERIKA       | PENA         |
|         299 | JAMES       | GANNON       |
|         300 | JOHN        | FARNSWORTH   |
|         301 | ROBERT      | BAUGHMAN     |
|         302 | MICHAEL     | SILVERMAN    |
|         303 | WILLIAM     | SATTERFIELD  |
|         304 | DAVID       | ROYAL        |
|         305 | RICHARD     | MCCRARY      |
|         306 | CHARLES     | KOWALSKI     |
|         307 | JOSEPH      | JOY          |
|         308 | THOMAS      | GRIGSBY      |
|         309 | CHRISTOPHER | GRECO        |
|         310 | DANIEL      | CABRAL       |
|         311 | PAUL        | TROUT        |
|         312 | MARK        | RINEHART     |
|         313 | DONALD      | MAHON        |
|         314 | GEORGE      | LINTON       |
|         315 | KENNETH     | GOODEN       |
|         316 | STEVEN      | CURLEY       |
|         317 | EDWARD      | BAUGH        |
|         318 | BRIAN       | WYMAN        |
|         319 | RONALD      | WEINER       |
|         320 | ANTHONY     | SCHWAB       |
|         321 | KEVIN       | SCHULER      |
|         322 | JASON       | MORRISSEY    |
|         323 | MATTHEW     | MAHAN        |
|         324 | GARY        | COY          |
|         325 | TIMOTHY     | BUNN         |
|         326 | JOSE        | ANDREW       |
|         327 | LARRY       | THRASHER     |
|         328 | JEFFREY     | SPEAR        |
|         329 | FRANK       | WAGGONER     |
|         330 | SCOTT       | SHELLEY      |
|         331 | ERIC        | ROBERT       |
|         332 | STEPHEN     | QUALLS       |
|         333 | ANDREW      | PURDY        |
|         334 | RAYMOND     | MCWHORTER    |
|         335 | GREGORY     | MAULDIN      |
|         336 | JOSHUA      | MARK         |
|         337 | JERRY       | JORDON       |
|         338 | DENNIS      | GILMAN       |
|         339 | WALTER      | PERRYMAN     |
|         340 | PATRICK     | NEWSOM       |
|         341 | PETER       | MENARD       |
|         342 | HAROLD      | MARTINO      |
|         343 | DOUGLAS     | GRAF         |
|         344 | HENRY       | BILLINGSLEY  |
|         345 | CARL        | ARTIS        |
|         346 | ARTHUR      | SIMPKINS     |
|         347 | RYAN        | SALISBURY    |
|         348 | ROGER       | QUINTANILLA  |
|         349 | JOE         | GILLILAND    |
|         350 | JUAN        | FRALEY       |
|         351 | JACK        | FOUST        |
|         352 | ALBERT      | CROUSE       |
|         353 | JONATHAN    | SCARBOROUGH  |
|         354 | JUSTIN      | NGO          |
|         355 | TERRY       | GRISSOM      |
|         356 | GERALD      | FULTZ        |
|         357 | KEITH       | RICO         |
|         358 | SAMUEL      | MARLOW       |
|         359 | WILLIE      | MARKHAM      |
|         360 | RALPH       | MADRIGAL     |
|         361 | LAWRENCE    | LAWTON       |
|         362 | NICHOLAS    | BARFIELD     |
|         363 | ROY         | WHITING      |
|         364 | BENJAMIN    | VARNEY       |
|         365 | BRUCE       | SCHWARZ      |
|         366 | BRANDON     | HUEY         |
|         367 | ADAM        | GOOCH        |
|         368 | HARRY       | ARCE         |
|         369 | FRED        | WHEAT        |
|         370 | WAYNE       | TRUONG       |
|         371 | BILLY       | POULIN       |
|         372 | STEVE       | MACKENZIE    |
|         373 | LOUIS       | LEONE        |
|         374 | JEREMY      | HURTADO      |
|         375 | AARON       | SELBY        |
|         376 | RANDY       | GAITHER      |
|         377 | HOWARD      | FORTNER      |
|         378 | EUGENE      | CULPEPPER    |
|         379 | CARLOS      | COUGHLIN     |
|         380 | RUSSELL     | BRINSON      |
|         381 | BOBBY       | BOUDREAU     |
|         382 | VICTOR      | BARKLEY      |
|         383 | MARTIN      | BALES        |
|         384 | ERNEST      | STEPP        |
|         385 | PHILLIP     | HOLM         |
|         386 | TODD        | TAN          |
|         387 | JESSE       | SCHILLING    |
|         388 | CRAIG       | MORRELL      |
|         389 | ALAN        | KAHN         |
|         390 | SHAWN       | HEATON       |
|         391 | CLARENCE    | GAMEZ        |
|         392 | SEAN        | DOUGLASS     |
|         393 | PHILIP      | CAUSEY       |
|         394 | CHRIS       | BROTHERS     |
|         395 | JOHNNY      | TURPIN       |
|         396 | EARL        | SHANKS       |
|         397 | JIMMY       | SCHRADER     |
|         398 | ANTONIO     | MEEK         |
|         399 | DANNY       | ISOM         |
|         400 | BRYAN       | HARDISON     |
|         401 | TONY        | CARRANZA     |
|         402 | LUIS        | YANEZ        |
|         403 | MIKE        | WAY          |
|         404 | STANLEY     | SCROGGINS    |
|         405 | LEONARD     | SCHOFIELD    |
|         406 | NATHAN      | RUNYON       |
|         407 | DALE        | RATCLIFF     |
|         408 | MANUEL      | MURRELL      |
|         409 | RODNEY      | MOELLER      |
|         410 | CURTIS      | IRBY         |
|         411 | NORMAN      | CURRIER      |
|         412 | ALLEN       | BUTTERFIELD  |
|         413 | MARVIN      | YEE          |
|         414 | VINCENT     | RALSTON      |
|         415 | GLENN       | PULLEN       |
|         416 | JEFFERY     | PINSON       |
|         417 | TRAVIS      | ESTEP        |
|         418 | JEFF        | EAST         |
|         419 | CHAD        | CARBONE      |
|         420 | JACOB       | LANCE        |
|         421 | LEE         | HAWKS        |
|         422 | MELVIN      | ELLINGTON    |
|         423 | ALFRED      | CASILLAS     |
|         424 | KYLE        | SPURLOCK     |
|         425 | FRANCIS     | SIKES        |
|         426 | BRADLEY     | MOTLEY       |
|         427 | JESUS       | MCCARTNEY    |
|         428 | HERBERT     | KRUGER       |
|         429 | FREDERICK   | ISBELL       |
|         430 | RAY         | HOULE        |
|         431 | JOEL        | FRANCISCO    |
|         432 | EDWIN       | BURK         |
|         433 | DON         | BONE         |
|         434 | EDDIE       | TOMLIN       |
|         435 | RICKY       | SHELBY       |
|         436 | TROY        | QUIGLEY      |
|         437 | RANDALL     | NEUMANN      |
|         438 | BARRY       | LOVELACE     |
|         439 | ALEXANDER   | FENNELL      |
|         440 | BERNARD     | COLBY        |
|         441 | MARIO       | CHEATHAM     |
|         442 | LEROY       | BUSTAMANTE   |
|         443 | FRANCISCO   | SKIDMORE     |
|         444 | MARCUS      | HIDALGO      |
|         445 | MICHEAL     | FORMAN       |
|         446 | THEODORE    | CULP         |
|         447 | CLIFFORD    | BOWENS       |
|         448 | MIGUEL      | BETANCOURT   |
|         449 | OSCAR       | AQUINO       |
|         450 | JAY         | ROBB         |
|         451 | JIM         | REA          |
|         452 | TOM         | MILNER       |
|         453 | CALVIN      | MARTEL       |
|         454 | ALEX        | GRESHAM      |
|         455 | JON         | WILES        |
|         456 | RONNIE      | RICKETTS     |
|         457 | BILL        | GAVIN        |
|         458 | LLOYD       | DOWD         |
|         459 | TOMMY       | COLLAZO      |
|         460 | LEON        | BOSTIC       |
|         461 | DEREK       | BLAKELY      |
|         462 | WARREN      | SHERROD      |
|         463 | DARRELL     | POWER        |
|         464 | JEROME      | KENYON       |
|         465 | FLOYD       | GANDY        |
|         466 | LEO         | EBERT        |
|         467 | ALVIN       | DELOACH      |
|         468 | TIM         | CARY         |
|         469 | WESLEY      | BULL         |
|         470 | GORDON      | ALLARD       |
|         471 | DEAN        | SAUER        |
|         472 | GREG        | ROBINS       |
|         473 | JORGE       | OLIVARES     |
|         474 | DUSTIN      | GILLETTE     |
|         475 | PEDRO       | CHESTNUT     |
|         476 | DERRICK     | BOURQUE      |
|         477 | DAN         | PAINE        |
|         478 | LEWIS       | LYMAN        |
|         479 | ZACHARY     | HITE         |
|         480 | COREY       | HAUSER       |
|         481 | HERMAN      | DEVORE       |
|         482 | MAURICE     | CRAWLEY      |
|         483 | VERNON      | CHAPA        |
|         484 | ROBERTO     | VU           |
|         485 | CLYDE       | TOBIAS       |
|         486 | GLEN        | TALBERT      |
|         487 | HECTOR      | POINDEXTER   |
|         488 | SHANE       | MILLARD      |
|         489 | RICARDO     | MEADOR       |
|         490 | SAM         | MCDUFFIE     |
|         491 | RICK        | MATTOX       |
|         492 | LESTER      | KRAUS        |
|         493 | BRENT       | HARKINS      |
|         494 | RAMON       | CHOATE       |
|         495 | CHARLIE     | BESS         |
|         496 | TYLER       | WREN         |
|         497 | GILBERT     | SLEDGE       |
|         498 | GENE        | SANBORN      |
|         499 | MARC        | OUTLAW       |
|         500 | REGINALD    | KINDER       |
|         501 | RUBEN       | GEARY        |
|         502 | BRETT       | CORNWELL     |
|         503 | ANGEL       | BARCLAY      |
|         504 | NATHANIEL   | ADAM         |
|         505 | RAFAEL      | ABNEY        |
|         506 | LESLIE      | SEWARD       |
|         507 | EDGAR       | RHOADS       |
|         508 | MILTON      | HOWLAND      |
|         509 | RAUL        | FORTIER      |
|         510 | BEN         | EASTER       |
|         511 | CHESTER     | BENNER       |
|         512 | CECIL       | VINES        |
|         513 | DUANE       | TUBBS        |
|         514 | FRANKLIN    | TROUTMAN     |
|         515 | ANDRE       | RAPP         |
|         516 | ELMER       | NOE          |
|         517 | BRAD        | MCCURDY      |
|         518 | GABRIEL     | HARDER       |
|         519 | RON         | DELUCA       |
|         520 | MITCHELL    | WESTMORELAND |
|         521 | ROLAND      | SOUTH        |
|         522 | ARNOLD      | HAVENS       |
|         523 | HARVEY      | GUAJARDO     |
|         524 | JARED       | ELY          |
|         525 | ADRIAN      | CLARY        |
|         526 | KARL        | SEAL         |
|         527 | CORY        | MEEHAN       |
|         528 | CLAUDE      | HERZOG       |
|         529 | ERIK        | GUILLEN      |
|         530 | DARRYL      | ASHCRAFT     |
|         531 | JAMIE       | WAUGH        |
|         532 | NEIL        | RENNER       |
|         533 | JESSIE      | MILAM        |
|         534 | CHRISTIAN   | JUNG         |
|         535 | JAVIER      | ELROD        |
|         536 | FERNANDO    | CHURCHILL    |
|         537 | CLINTON     | BUFORD       |
|         538 | TED         | BREAUX       |
|         539 | MATHEW      | BOLIN        |
|         540 | TYRONE      | ASHER        |
|         541 | DARREN      | WINDHAM      |
|         542 | LONNIE      | TIRADO       |
|         543 | LANCE       | PEMBERTON    |
|         544 | CODY        | NOLEN        |
|         545 | JULIO       | NOLAND       |
|         546 | KELLY       | KNOTT        |
|         547 | KURT        | EMMONS       |
|         548 | ALLAN       | CORNISH      |
|         549 | NELSON      | CHRISTENSON  |
|         550 | GUY         | BROWNLEE     |
|         551 | CLAYTON     | BARBEE       |
|         552 | HUGH        | WALDROP      |
|         553 | MAX         | PITT         |
|         554 | DWAYNE      | OLVERA       |
|         555 | DWIGHT      | LOMBARDI     |
|         556 | ARMANDO     | GRUBER       |
|         557 | FELIX       | GAFFNEY      |
|         558 | JIMMIE      | EGGLESTON    |
|         559 | EVERETT     | BANDA        |
|         560 | JORDAN      | ARCHULETA    |
|         561 | IAN         | STILL        |
|         562 | WALLACE     | SLONE        |
|         563 | KEN         | PREWITT      |
|         564 | BOB         | PFEIFFER     |
|         565 | JAIME       | NETTLES      |
|         566 | CASEY       | MENA         |
|         567 | ALFREDO     | MCADAMS      |
|         568 | ALBERTO     | HENNING      |
|         569 | DAVE        | GARDINER     |
|         570 | IVAN        | CROMWELL     |
|         571 | JOHNNIE     | CHISHOLM     |
|         572 | SIDNEY      | BURLESON     |
|         573 | BYRON       | BOX          |
|         574 | JULIAN      | VEST         |
|         575 | ISAAC       | OGLESBY      |
|         576 | MORRIS      | MCCARTER     |
|         577 | CLIFTON     | MALCOLM      |
|         578 | WILLARD     | LUMPKIN      |
|         579 | DARYL       | LARUE        |
|         580 | ROSS        | GREY         |
|         581 | VIRGIL      | WOFFORD      |
|         582 | ANDY        | VANHORN      |
|         583 | MARSHALL    | THORN        |
|         584 | SALVADOR    | TEEL         |
|         585 | PERRY       | SWAFFORD     |
|         586 | KIRK        | STCLAIR      |
|         587 | SERGIO      | STANFIELD    |
|         588 | MARION      | OCAMPO       |
|         589 | TRACY       | HERRMANN     |
|         590 | SETH        | HANNON       |
|         591 | KENT        | ARSENAULT    |
|         592 | TERRANCE    | ROUSH        |
|         593 | RENE        | MCALISTER    |
|         594 | EDUARDO     | HIATT        |
|         595 | TERRENCE    | GUNDERSON    |
|         596 | ENRIQUE     | FORSYTHE     |
|         597 | FREDDIE     | DUGGAN       |
|         598 | WADE        | DELVALLE     |
|         599 | AUSTIN      | CINTRON      |
+-------------+-------------+--------------+
599 rows in set (0.0402 sec)
 MySQL  localhost:3306 ssl  sakila  SQL > SELECT customer_id, FIRST_name, LAST_name FROM customer WHERE customer_id not in (SELECT DISTINCT(customer_id) FROM payment);
+-------------+------------+-----------+
| customer_id | FIRST_name | LAST_name |
+-------------+------------+-----------+
|         600 | JUAN       | PEREZ     |
+-------------+------------+-----------+
1 row in set (0.0051 sec)
 MySQL  localhost:3306 ssl  sakila  SQL > show DATABASES;
+--------------------+
| Database           |
+--------------------+
| employee           |
| information_schema |
| mysql              |
| performance_schema |
| powerbull          |
| sakila             |
| sys                |
| tbd_eva1           |
| tbd_eva2           |
| world              |
+--------------------+
10 rows in set (0.0010 sec)
 MySQL  localhost:3306 ssl  sakila  SQL > use world
Default schema set to `world`.
Fetching global names, object names from `world` for auto-completion... Press ^C to stop.
 MySQL  localhost:3306 ssl  world  SQL > show TABLEs;
+-----------------+
| Tables_in_world |
+-----------------+
| city            |
| country         |
| countrylanguage |
+-----------------+
3 rows in set (0.0016 sec)
 MySQL  localhost:3306 ssl  world  SQL > DESC city;
+-------------+----------+------+-----+---------+----------------+
| Field       | Type     | Null | Key | Default | Extra          |
+-------------+----------+------+-----+---------+----------------+
| ID          | int      | NO   | PRI | NULL    | auto_increment |
| Name        | char(35) | NO   |     |         |                |
| CountryCode | char(3)  | NO   | MUL |         |                |
| District    | char(20) | NO   |     |         |                |
| Population  | int      | NO   |     | 0       |                |
+-------------+----------+------+-----+---------+----------------+
5 rows in set (0.0373 sec)
 MySQL  localhost:3306 ssl  world  SQL > SELECT COUNT(*) FROM country;
+----------+
| COUNT(*) |
+----------+
|      239 |
+----------+
1 row in set (0.0738 sec)
 MySQL  localhost:3306 ssl  world  SQL > SELECT COUNT(*) FROM city;
+----------+
| COUNT(*) |
+----------+
|     4079 |
+----------+
1 row in set (0.0602 sec)
 MySQL  localhost:3306 ssl  world  SQL > DESC country;
+----------------+---------------------------------------------------------------------------------------+------+-----+---------+-------+
| Field          | Type                                                                                  | Null | Key | Default | Extra |
+----------------+---------------------------------------------------------------------------------------+------+-----+---------+-------+
| Code           | char(3)                                                                               | NO   | PRI |         |       |
| Name           | char(52)                                                                              | NO   |     |         |       |
| Continent      | enum('Asia','Europe','North America','Africa','Oceania','Antarctica','South America') | NO   |     | Asia    |       |
| Region         | char(26)                                                                              | NO   |     |         |       |
| SurfaceArea    | decimal(10,2)                                                                         | NO   |     | 0.00    |       |
| IndepYear      | smallint                                                                              | YES  |     | NULL    |       |
| Population     | int                                                                                   | NO   |     | 0       |       |
| LifeExpectancy | decimal(3,1)                                                                          | YES  |     | NULL    |       |
| GNP            | decimal(10,2)                                                                         | YES  |     | NULL    |       |
| GNPOld         | decimal(10,2)                                                                         | YES  |     | NULL    |       |
| LocalName      | char(45)                                                                              | NO   |     |         |       |
| GovernmentForm | char(45)                                                                              | NO   |     |         |       |
| HeadOfState    | char(60)                                                                              | YES  |     | NULL    |       |
| Capital        | int                                                                                   | YES  |     | NULL    |       |
| Code2          | char(2)                                                                               | NO   |     |         |       |
+----------------+---------------------------------------------------------------------------------------+------+-----+---------+-------+
15 rows in set (0.0018 sec)
 MySQL  localhost:3306 ssl  world  SQL > SELECT * FROM country WHERE name = "mexico";
+------+--------+---------------+-----------------+-------------+-----------+------------+----------------+-----------+-----------+-----------+------------------+---------------------+---------+-------+
| Code | Name   | Continent     | Region          | SurfaceArea | IndepYear | Population | LifeExpectancy | GNP       | GNPOld    | LocalName | GovernmentForm   | HeadOfState         | Capital | Code2 |
+------+--------+---------------+-----------------+-------------+-----------+------------+----------------+-----------+-----------+-----------+------------------+---------------------+---------+-------+
| MEX  | Mexico | North America | Central America |  1958201.00 |      1810 |   98881000 |           71.5 | 414972.00 | 401461.00 | México    | Federal Republic | Vicente Fox Quesada |    2515 | MX    |
+------+--------+---------------+-----------------+-------------+-----------+------------+----------------+-----------+-----------+-----------+------------------+---------------------+---------+-------+
1 row in set (0.0011 sec)
 MySQL  localhost:3306 ssl  world  SQL > SELECT * FROM city WHERE CountryCode = "MEX";
+------+-----------------------------+-------------+----------------------+------------+
| ID   | Name                        | CountryCode | District             | Population |
+------+-----------------------------+-------------+----------------------+------------+
| 2515 | Ciudad de México            | MEX         | Distrito Federal     |    8591309 |
| 2516 | Guadalajara                 | MEX         | Jalisco              |    1647720 |
| 2517 | Ecatepec de Morelos         | MEX         | México               |    1620303 |
| 2518 | Puebla                      | MEX         | Puebla               |    1346176 |
| 2519 | Nezahualcóyotl              | MEX         | México               |    1224924 |
| 2520 | Juárez                      | MEX         | Chihuahua            |    1217818 |
| 2521 | Tijuana                     | MEX         | Baja California      |    1212232 |
| 2522 | León                        | MEX         | Guanajuato           |    1133576 |
| 2523 | Monterrey                   | MEX         | Nuevo León           |    1108499 |
| 2524 | Zapopan                     | MEX         | Jalisco              |    1002239 |
| 2525 | Naucalpan de Juárez         | MEX         | México               |     857511 |
| 2526 | Mexicali                    | MEX         | Baja California      |     764902 |
| 2527 | Culiacán                    | MEX         | Sinaloa              |     744859 |
| 2528 | Acapulco de Juárez          | MEX         | Guerrero             |     721011 |
| 2529 | Tlalnepantla de Baz         | MEX         | México               |     720755 |
| 2530 | Mérida                      | MEX         | Yucatán              |     703324 |
| 2531 | Chihuahua                   | MEX         | Chihuahua            |     670208 |
| 2532 | San Luis Potosí             | MEX         | San Luis Potosí      |     669353 |
| 2533 | Guadalupe                   | MEX         | Nuevo León           |     668780 |
| 2534 | Toluca                      | MEX         | México               |     665617 |
| 2535 | Aguascalientes              | MEX         | Aguascalientes       |     643360 |
| 2536 | Querétaro                   | MEX         | Querétaro de Arteaga |     639839 |
| 2537 | Morelia                     | MEX         | Michoacán de Ocampo  |     619958 |
| 2538 | Hermosillo                  | MEX         | Sonora               |     608697 |
| 2539 | Saltillo                    | MEX         | Coahuila de Zaragoza |     577352 |
| 2540 | Torreón                     | MEX         | Coahuila de Zaragoza |     529093 |
| 2541 | Centro (Villahermosa)       | MEX         | Tabasco              |     519873 |
| 2542 | San Nicolás de los Garza    | MEX         | Nuevo León           |     495540 |
| 2543 | Durango                     | MEX         | Durango              |     490524 |
| 2544 | Chimalhuacán                | MEX         | México               |     490245 |
| 2545 | Tlaquepaque                 | MEX         | Jalisco              |     475472 |
| 2546 | Atizapán de Zaragoza        | MEX         | México               |     467262 |
| 2547 | Veracruz                    | MEX         | Veracruz             |     457119 |
| 2548 | Cuautitlán Izcalli          | MEX         | México               |     452976 |
| 2549 | Irapuato                    | MEX         | Guanajuato           |     440039 |
| 2550 | Tuxtla Gutiérrez            | MEX         | Chiapas              |     433544 |
| 2551 | Tultitlán                   | MEX         | México               |     432411 |
| 2552 | Reynosa                     | MEX         | Tamaulipas           |     419776 |
| 2553 | Benito Juárez               | MEX         | Quintana Roo         |     419276 |
| 2554 | Matamoros                   | MEX         | Tamaulipas           |     416428 |
| 2555 | Xalapa                      | MEX         | Veracruz             |     390058 |
| 2556 | Celaya                      | MEX         | Guanajuato           |     382140 |
| 2557 | Mazatlán                    | MEX         | Sinaloa              |     380265 |
| 2558 | Ensenada                    | MEX         | Baja California      |     369573 |
| 2559 | Ahome                       | MEX         | Sinaloa              |     358663 |
| 2560 | Cajeme                      | MEX         | Sonora               |     355679 |
| 2561 | Cuernavaca                  | MEX         | Morelos              |     337966 |
| 2562 | Tonalá                      | MEX         | Jalisco              |     336109 |
| 2563 | Valle de Chalco Solidaridad | MEX         | México               |     323113 |
| 2564 | Nuevo Laredo                | MEX         | Tamaulipas           |     310277 |
| 2565 | Tepic                       | MEX         | Nayarit              |     305025 |
| 2566 | Tampico                     | MEX         | Tamaulipas           |     294789 |
| 2567 | Ixtapaluca                  | MEX         | México               |     293160 |
| 2568 | Apodaca                     | MEX         | Nuevo León           |     282941 |
| 2569 | Guasave                     | MEX         | Sinaloa              |     277201 |
| 2570 | Gómez Palacio               | MEX         | Durango              |     272806 |
| 2571 | Tapachula                   | MEX         | Chiapas              |     271141 |
| 2572 | Nicolás Romero              | MEX         | México               |     269393 |
| 2573 | Coatzacoalcos               | MEX         | Veracruz             |     267037 |
| 2574 | Uruapan                     | MEX         | Michoacán de Ocampo  |     265211 |
| 2575 | Victoria                    | MEX         | Tamaulipas           |     262686 |
| 2576 | Oaxaca de Juárez            | MEX         | Oaxaca               |     256848 |
| 2577 | Coacalco de Berriozábal     | MEX         | México               |     252270 |
| 2578 | Pachuca de Soto             | MEX         | Hidalgo              |     244688 |
| 2579 | General Escobedo            | MEX         | Nuevo León           |     232961 |
| 2580 | Salamanca                   | MEX         | Guanajuato           |     226864 |
| 2581 | Santa Catarina              | MEX         | Nuevo León           |     226573 |
| 2582 | Tehuacán                    | MEX         | Puebla               |     225943 |
| 2583 | Chalco                      | MEX         | México               |     222201 |
| 2584 | Cárdenas                    | MEX         | Tabasco              |     216903 |
| 2585 | Campeche                    | MEX         | Campeche             |     216735 |
| 2586 | La Paz                      | MEX         | México               |     213045 |
| 2587 | Othón P. Blanco (Chetumal)  | MEX         | Quintana Roo         |     208014 |
| 2588 | Texcoco                     | MEX         | México               |     203681 |
| 2589 | La Paz                      | MEX         | Baja California Sur  |     196708 |
| 2590 | Metepec                     | MEX         | México               |     194265 |
| 2591 | Monclova                    | MEX         | Coahuila de Zaragoza |     193657 |
| 2592 | Huixquilucan                | MEX         | México               |     193156 |
| 2593 | Chilpancingo de los Bravo   | MEX         | Guerrero             |     192509 |
| 2594 | Puerto Vallarta             | MEX         | Jalisco              |     183741 |
| 2595 | Fresnillo                   | MEX         | Zacatecas            |     182744 |
| 2596 | Ciudad Madero               | MEX         | Tamaulipas           |     182012 |
| 2597 | Soledad de Graciano Sánchez | MEX         | San Luis Potosí      |     179956 |
| 2598 | San Juan del Río            | MEX         | Querétaro            |     179300 |
| 2599 | San Felipe del Progreso     | MEX         | México               |     177330 |
| 2600 | Córdoba                     | MEX         | Veracruz             |     176952 |
| 2601 | Tecámac                     | MEX         | México               |     172410 |
| 2602 | Ocosingo                    | MEX         | Chiapas              |     171495 |
| 2603 | Carmen                      | MEX         | Campeche             |     171367 |
| 2604 | Lázaro Cárdenas             | MEX         | Michoacán de Ocampo  |     170878 |
| 2605 | Jiutepec                    | MEX         | Morelos              |     170428 |
| 2606 | Papantla                    | MEX         | Veracruz             |     170123 |
| 2607 | Comalcalco                  | MEX         | Tabasco              |     164640 |
| 2608 | Zamora                      | MEX         | Michoacán de Ocampo  |     161191 |
| 2609 | Nogales                     | MEX         | Sonora               |     159103 |
| 2610 | Huimanguillo                | MEX         | Tabasco              |     158335 |
| 2611 | Cuautla                     | MEX         | Morelos              |     153132 |
| 2612 | Minatitlán                  | MEX         | Veracruz             |     152983 |
| 2613 | Poza Rica de Hidalgo        | MEX         | Veracruz             |     152678 |
| 2614 | Ciudad Valles               | MEX         | San Luis Potosí      |     146411 |
| 2615 | Navolato                    | MEX         | Sinaloa              |     145396 |
| 2616 | San Luis Río Colorado       | MEX         | Sonora               |     145276 |
| 2617 | Pénjamo                     | MEX         | Guanajuato           |     143927 |
| 2618 | San Andrés Tuxtla           | MEX         | Veracruz             |     142251 |
| 2619 | Guanajuato                  | MEX         | Guanajuato           |     141215 |
| 2620 | Navojoa                     | MEX         | Sonora               |     140495 |
| 2621 | Zitácuaro                   | MEX         | Michoacán de Ocampo  |     137970 |
| 2622 | Boca del Río                | MEX         | Veracruz-Llave       |     135721 |
| 2623 | Allende                     | MEX         | Guanajuato           |     134645 |
| 2624 | Silao                       | MEX         | Guanajuato           |     134037 |
| 2625 | Macuspana                   | MEX         | Tabasco              |     133795 |
| 2626 | San Juan Bautista Tuxtepec  | MEX         | Oaxaca               |     133675 |
| 2627 | San Cristóbal de las Casas  | MEX         | Chiapas              |     132317 |
| 2628 | Valle de Santiago           | MEX         | Guanajuato           |     130557 |
| 2629 | Guaymas                     | MEX         | Sonora               |     130108 |
| 2630 | Colima                      | MEX         | Colima               |     129454 |
| 2631 | Dolores Hidalgo             | MEX         | Guanajuato           |     128675 |
| 2632 | Lagos de Moreno             | MEX         | Jalisco              |     127949 |
| 2633 | Piedras Negras              | MEX         | Coahuila de Zaragoza |     127898 |
| 2634 | Altamira                    | MEX         | Tamaulipas           |     127490 |
| 2635 | Túxpam                      | MEX         | Veracruz             |     126475 |
| 2636 | San Pedro Garza García      | MEX         | Nuevo León           |     126147 |
| 2637 | Cuauhtémoc                  | MEX         | Chihuahua            |     124279 |
| 2638 | Manzanillo                  | MEX         | Colima               |     124014 |
| 2639 | Iguala de la Independencia  | MEX         | Guerrero             |     123883 |
| 2640 | Zacatecas                   | MEX         | Zacatecas            |     123700 |
| 2641 | Tlajomulco de Zúñiga        | MEX         | Jalisco              |     123220 |
| 2642 | Tulancingo de Bravo         | MEX         | Hidalgo              |     121946 |
| 2643 | Zinacantepec                | MEX         | México               |     121715 |
| 2644 | San Martín Texmelucan       | MEX         | Puebla               |     121093 |
| 2645 | Tepatitlán de Morelos       | MEX         | Jalisco              |     118948 |
| 2646 | Martínez de la Torre        | MEX         | Veracruz             |     118815 |
| 2647 | Orizaba                     | MEX         | Veracruz             |     118488 |
| 2648 | Apatzingán                  | MEX         | Michoacán de Ocampo  |     117849 |
| 2649 | Atlixco                     | MEX         | Puebla               |     117019 |
| 2650 | Delicias                    | MEX         | Chihuahua            |     116132 |
| 2651 | Ixtlahuaca                  | MEX         | México               |     115548 |
| 2652 | El Mante                    | MEX         | Tamaulipas           |     112453 |
| 2653 | Lerdo                       | MEX         | Durango              |     112272 |
| 2654 | Almoloya de Juárez          | MEX         | México               |     110550 |
| 2655 | Acámbaro                    | MEX         | Guanajuato           |     110487 |
| 2656 | Acuña                       | MEX         | Coahuila de Zaragoza |     110388 |
| 2657 | Guadalupe                   | MEX         | Zacatecas            |     108881 |
| 2658 | Huejutla de Reyes           | MEX         | Hidalgo              |     108017 |
| 2659 | Hidalgo                     | MEX         | Michoacán de Ocampo  |     106198 |
| 2660 | Los Cabos                   | MEX         | Baja California Sur  |     105199 |
| 2661 | Comitán de Domínguez        | MEX         | Chiapas              |     104986 |
| 2662 | Cunduacán                   | MEX         | Tabasco              |     104164 |
| 2663 | Río Bravo                   | MEX         | Tamaulipas           |     103901 |
| 2664 | Temapache                   | MEX         | Veracruz             |     102824 |
| 2665 | Chilapa de Alvarez          | MEX         | Guerrero             |     102716 |
| 2666 | Hidalgo del Parral          | MEX         | Chihuahua            |     100881 |
| 2667 | San Francisco del Rincón    | MEX         | Guanajuato           |     100149 |
| 2668 | Taxco de Alarcón            | MEX         | Guerrero             |      99907 |
| 2669 | Zumpango                    | MEX         | México               |      99781 |
| 2670 | San Pedro Cholula           | MEX         | Puebla               |      99734 |
| 2671 | Lerma                       | MEX         | México               |      99714 |
| 2672 | Tecomán                     | MEX         | Colima               |      99296 |
| 2673 | Las Margaritas              | MEX         | Chiapas              |      97389 |
| 2674 | Cosoleacaque                | MEX         | Veracruz             |      97199 |
| 2675 | San Luis de la Paz          | MEX         | Guanajuato           |      96763 |
| 2676 | José Azueta                 | MEX         | Guerrero             |      95448 |
| 2677 | Santiago Ixcuintla          | MEX         | Nayarit              |      95311 |
| 2678 | San Felipe                  | MEX         | Guanajuato           |      95305 |
| 2679 | Tejupilco                   | MEX         | México               |      94934 |
| 2680 | Tantoyuca                   | MEX         | Veracruz             |      94709 |
| 2681 | Salvatierra                 | MEX         | Guanajuato           |      94322 |
| 2682 | Tultepec                    | MEX         | México               |      93364 |
| 2683 | Temixco                     | MEX         | Morelos              |      92686 |
| 2684 | Matamoros                   | MEX         | Coahuila de Zaragoza |      91858 |
| 2685 | Pánuco                      | MEX         | Veracruz             |      90551 |
| 2686 | El Fuerte                   | MEX         | Sinaloa              |      89556 |
| 2687 | Tierra Blanca               | MEX         | Veracruz             |      89143 |
+------+-----------------------------+-------------+----------------------+------------+
173 rows in set (0.0456 sec)
 MySQL  localhost:3306 ssl  world  SQL > SELECT * FROM city WHERE name = "Camargo";
Empty set (0.0490 sec)
 MySQL  localhost:3306 ssl  world  SQL > SELECT * FROM country LIMIT 1;
+------+-------+---------------+-----------+-------------+-----------+------------+----------------+--------+--------+-----------+----------------------------------------------+-------------+---------+-------+
| Code | Name  | Continent     | Region    | SurfaceArea | IndepYear | Population | LifeExpectancy | GNP    | GNPOld | LocalName | GovernmentForm                               | HeadOfState | Capital | Code2 |
+------+-------+---------------+-----------+-------------+-----------+------------+----------------+--------+--------+-----------+----------------------------------------------+-------------+---------+-------+
| ABW  | Aruba | North America | Caribbean |      193.00 |      NULL |     103000 |           78.4 | 828.00 | 793.00 | Aruba     | Nonmetropolitan Territory of The Netherlands | Beatrix     |     129 | AW    |
+------+-------+---------------+-----------+-------------+-----------+------------+----------------+--------+--------+-----------+----------------------------------------------+-------------+---------+-------+
1 row in set (0.0006 sec)
 MySQL  localhost:3306 ssl  world  SQL > DESC country;
+----------------+---------------------------------------------------------------------------------------+------+-----+---------+-------+
| Field          | Type                                                                                  | Null | Key | Default | Extra |
+----------------+---------------------------------------------------------------------------------------+------+-----+---------+-------+
| Code           | char(3)                                                                               | NO   | PRI |         |       |
| Name           | char(52)                                                                              | NO   |     |         |       |
| Continent      | enum('Asia','Europe','North America','Africa','Oceania','Antarctica','South America') | NO   |     | Asia    |       |
| Region         | char(26)                                                                              | NO   |     |         |       |
| SurfaceArea    | decimal(10,2)                                                                         | NO   |     | 0.00    |       |
| IndepYear      | smallint                                                                              | YES  |     | NULL    |       |
| Population     | int                                                                                   | NO   |     | 0       |       |
| LifeExpectancy | decimal(3,1)                                                                          | YES  |     | NULL    |       |
| GNP            | decimal(10,2)                                                                         | YES  |     | NULL    |       |
| GNPOld         | decimal(10,2)                                                                         | YES  |     | NULL    |       |
| LocalName      | char(45)                                                                              | NO   |     |         |       |
| GovernmentForm | char(45)                                                                              | NO   |     |         |       |
| HeadOfState    | char(60)                                                                              | YES  |     | NULL    |       |
| Capital        | int                                                                                   | YES  |     | NULL    |       |
| Code2          | char(2)                                                                               | NO   |     |         |       |
+----------------+---------------------------------------------------------------------------------------+------+-----+---------+-------+
15 rows in set (0.0014 sec)
 MySQL  localhost:3306 ssl  world  SQL > DESC city;
+-------------+----------+------+-----+---------+----------------+
| Field       | Type     | Null | Key | Default | Extra          |
+-------------+----------+------+-----+---------+----------------+
| ID          | int      | NO   | PRI | NULL    | auto_increment |
| Name        | char(35) | NO   |     |         |                |
| CountryCode | char(3)  | NO   | MUL |         |                |
| District    | char(20) | NO   |     |         |                |
| Population  | int      | NO   |     | 0       |                |
+-------------+----------+------+-----+---------+----------------+
5 rows in set (0.0013 sec)
 MySQL  localhost:3306 ssl  world  SQL > SELECT sum(population) FROM city GROUP BY COUNTrycode;
+-----------------+
| sum(population) |
+-----------------+
|           29034 |
|         2332100 |
|         2561600 |
|            1556 |
|          270000 |
|           21189 |
|            2345 |
|         1728336 |
|        19996563 |
|         1633100 |
|            7523 |
|           24000 |
|        11313666 |
|         2384273 |
|         2464000 |
|          300000 |
|         1609322 |
|          968503 |
|         1229000 |
|         8569906 |
|         2696915 |
|          148000 |
|          172000 |
|          599106 |
|         4741000 |
|           62915 |
|            3000 |
|         3378644 |
|        85876862 |
|            6070 |
|           21484 |
|           22000 |
|          314822 |
|          524000 |
|        12673840 |
|             670 |
|          914200 |
|         9717970 |
|       175953614 |
|         3191137 |
|         3522554 |
|         9864615 |
|         1450000 |
|           11900 |
|        20250990 |
|           36000 |
|           94800 |
|          339131 |
|         4629925 |
|             700 |
|           19600 |
|          349400 |
|         2634711 |
|        26245483 |
|          383000 |
|           16243 |
|         1215945 |
|         2438276 |
|         5192179 |
|         5744142 |
|        20083079 |
|          431000 |
|          169000 |
|        16669189 |
|          505227 |
|         3190334 |
|         1532919 |
|           77366 |
|            1636 |
|         9244494 |
|           14542 |
|           30600 |
|          419000 |
|        22436673 |
|         1880900 |
|         1819889 |
|           27025 |
|         1090610 |
|           75380 |
|          144926 |
|          241000 |
|           40000 |
|         1972843 |
|            4621 |
|           13445 |
|         1225188 |
|           50699 |
|           10639 |
|          254000 |
|         3300633 |
|         1287000 |
|         1168883 |
|         1517338 |
|         2953310 |
|        37485695 |
|       123298526 |
|          609041 |
|        26032990 |
|         8926041 |
|          109184 |
|         2813000 |
|        15087019 |
|          314140 |
|         1847677 |
|        77965107 |
|         5484200 |
|         3522793 |
|          812100 |
|          805055 |
|            7281 |
|           11600 |
|        38999893 |
|          261252 |
|          628452 |
|         1340000 |
|          850000 |
|         2697007 |
|            2301 |
|           10389 |
|         1545000 |
|          297000 |
|         1473317 |
|           80700 |
|          968596 |
|          437500 |
|         8757562 |
|           14388 |
|         1193300 |
|         1123161 |
|           71000 |
|        59752521 |
|           28000 |
|          444299 |
|          809552 |
|           28518 |
|         6203000 |
|          773700 |
|            9200 |
|         3143145 |
|          764900 |
|            2000 |
|           94050 |
|          337280 |
|          914119 |
|         4605141 |
|           12000 |
|          169000 |
|           76293 |
|          653857 |
|             800 |
|        17366900 |
|         1269223 |
|             682 |
|         5180049 |
|         1100028 |
|         1132403 |
|            4609 |
|         1847600 |
|          537096 |
|        31546745 |
|          786755 |
|              42 |
|        12147242 |
|        30934791 |
|           12000 |
|          247000 |
|        11687431 |
|         1564174 |
|         6476751 |
|         1145011 |
|         1020020 |
|          902360 |
|           51441 |
|          355000 |
|          131480 |
|         7469006 |
|        69150700 |
|          286000 |
|        10636700 |
|         4752187 |
|         2770458 |
|         4017733 |
|            1500 |
|            1438 |
|           50100 |
|          850000 |
|         1138231 |
|            7096 |
|         1177000 |
|            5808 |
|           49541 |
|          112000 |
|          784143 |
|          386518 |
|         2891431 |
|           61000 |
|           41000 |
|         4477784 |
|            4800 |
|          630465 |
|          375000 |
|         7953161 |
|          685500 |
|             300 |
|          972600 |
|           47900 |
|           22400 |
|           99997 |
|         1798500 |
|        28327028 |
|            4600 |
|        13569336 |
|         2944034 |
|          890800 |
|        20074000 |
|         1236000 |
|        78625774 |
|         5183900 |
|             455 |
|           17100 |
|        12251091 |
|            8000 |
|           13000 |
|         9364813 |
|           33700 |
|            1137 |
|           35900 |
|         1743700 |
|         2189507 |
|        15196370 |
|         2473500 |
|         2730420 |
+-----------------+
232 rows in set (0.0072 sec)
 MySQL  localhost:3306 ssl  world  SQL > SELECT countrycode,sum(population) FROM city GROUP BY COUNTrycode;
+-------------+-----------------+
| countrycode | sum(population) |
+-------------+-----------------+
| ABW         |           29034 |
| AFG         |         2332100 |
| AGO         |         2561600 |
| AIA         |            1556 |
| ALB         |          270000 |
| AND         |           21189 |
| ANT         |            2345 |
| ARE         |         1728336 |
| ARG         |        19996563 |
| ARM         |         1633100 |
| ASM         |            7523 |
| ATG         |           24000 |
| AUS         |        11313666 |
| AUT         |         2384273 |
| AZE         |         2464000 |
| BDI         |          300000 |
| BEL         |         1609322 |
| BEN         |          968503 |
| BFA         |         1229000 |
| BGD         |         8569906 |
| BGR         |         2696915 |
| BHR         |          148000 |
| BHS         |          172000 |
| BIH         |          599106 |
| BLR         |         4741000 |
| BLZ         |           62915 |
| BMU         |            3000 |
| BOL         |         3378644 |
| BRA         |        85876862 |
| BRB         |            6070 |
| BRN         |           21484 |
| BTN         |           22000 |
| BWA         |          314822 |
| CAF         |          524000 |
| CAN         |        12673840 |
| CCK         |             670 |
| CHE         |          914200 |
| CHL         |         9717970 |
| CHN         |       175953614 |
| CIV         |         3191137 |
| CMR         |         3522554 |
| COD         |         9864615 |
| COG         |         1450000 |
| COK         |           11900 |
| COL         |        20250990 |
| COM         |           36000 |
| CPV         |           94800 |
| CRI         |          339131 |
| CUB         |         4629925 |
| CXR         |             700 |
| CYM         |           19600 |
| CYP         |          349400 |
| CZE         |         2634711 |
| DEU         |        26245483 |
| DJI         |          383000 |
| DMA         |           16243 |
| DNK         |         1215945 |
| DOM         |         2438276 |
| DZA         |         5192179 |
| ECU         |         5744142 |
| EGY         |        20083079 |
| ERI         |          431000 |
| ESH         |          169000 |
| ESP         |        16669189 |
| EST         |          505227 |
| ETH         |         3190334 |
| FIN         |         1532919 |
| FJI         |           77366 |
| FLK         |            1636 |
| FRA         |         9244494 |
| FRO         |           14542 |
| FSM         |           30600 |
| GAB         |          419000 |
| GBR         |        22436673 |
| GEO         |         1880900 |
| GHA         |         1819889 |
| GIB         |           27025 |
| GIN         |         1090610 |
| GLP         |           75380 |
| GMB         |          144926 |
| GNB         |          241000 |
| GNQ         |           40000 |
| GRC         |         1972843 |
| GRD         |            4621 |
| GRL         |           13445 |
| GTM         |         1225188 |
| GUF         |           50699 |
| GUM         |           10639 |
| GUY         |          254000 |
| HKG         |         3300633 |
| HND         |         1287000 |
| HRV         |         1168883 |
| HTI         |         1517338 |
| HUN         |         2953310 |
| IDN         |        37485695 |
| IND         |       123298526 |
| IRL         |          609041 |
| IRN         |        26032990 |
| IRQ         |         8926041 |
| ISL         |          109184 |
| ISR         |         2813000 |
| ITA         |        15087019 |
| JAM         |          314140 |
| JOR         |         1847677 |
| JPN         |        77965107 |
| KAZ         |         5484200 |
| KEN         |         3522793 |
| KGZ         |          812100 |
| KHM         |          805055 |
| KIR         |            7281 |
| KNA         |           11600 |
| KOR         |        38999893 |
| KWT         |          261252 |
| LAO         |          628452 |
| LBN         |         1340000 |
| LBR         |          850000 |
| LBY         |         2697007 |
| LCA         |            2301 |
| LIE         |           10389 |
| LKA         |         1545000 |
| LSO         |          297000 |
| LTU         |         1473317 |
| LUX         |           80700 |
| LVA         |          968596 |
| MAC         |          437500 |
| MAR         |         8757562 |
| MCO         |           14388 |
| MDA         |         1193300 |
| MDG         |         1123161 |
| MDV         |           71000 |
| MEX         |        59752521 |
| MHL         |           28000 |
| MKD         |          444299 |
| MLI         |          809552 |
| MLT         |           28518 |
| MMR         |         6203000 |
| MNG         |          773700 |
| MNP         |            9200 |
| MOZ         |         3143145 |
| MRT         |          764900 |
| MSR         |            2000 |
| MTQ         |           94050 |
| MUS         |          337280 |
| MWI         |          914119 |
| MYS         |         4605141 |
| MYT         |           12000 |
| NAM         |          169000 |
| NCL         |           76293 |
| NER         |          653857 |
| NFK         |             800 |
| NGA         |        17366900 |
| NIC         |         1269223 |
| NIU         |             682 |
| NLD         |         5180049 |
| NOR         |         1100028 |
| NPL         |         1132403 |
| NRU         |            4609 |
| NZL         |         1847600 |
| OMN         |          537096 |
| PAK         |        31546745 |
| PAN         |          786755 |
| PCN         |              42 |
| PER         |        12147242 |
| PHL         |        30934791 |
| PLW         |           12000 |
| PNG         |          247000 |
| POL         |        11687431 |
| PRI         |         1564174 |
| PRK         |         6476751 |
| PRT         |         1145011 |
| PRY         |         1020020 |
| PSE         |          902360 |
| PYF         |           51441 |
| QAT         |          355000 |
| REU         |          131480 |
| ROM         |         7469006 |
| RUS         |        69150700 |
| RWA         |          286000 |
| SAU         |        10636700 |
| SDN         |         4752187 |
| SEN         |         2770458 |
| SGP         |         4017733 |
| SHN         |            1500 |
| SJM         |            1438 |
| SLB         |           50100 |
| SLE         |          850000 |
| SLV         |         1138231 |
| SMR         |            7096 |
| SOM         |         1177000 |
| SPM         |            5808 |
| STP         |           49541 |
| SUR         |          112000 |
| SVK         |          784143 |
| SVN         |          386518 |
| SWE         |         2891431 |
| SWZ         |           61000 |
| SYC         |           41000 |
| SYR         |         4477784 |
| TCA         |            4800 |
| TCD         |          630465 |
| TGO         |          375000 |
| THA         |         7953161 |
| TJK         |          685500 |
| TKL         |             300 |
| TKM         |          972600 |
| TMP         |           47900 |
| TON         |           22400 |
| TTO         |           99997 |
| TUN         |         1798500 |
| TUR         |        28327028 |
| TUV         |            4600 |
| TWN         |        13569336 |
| TZA         |         2944034 |
| UGA         |          890800 |
| UKR         |        20074000 |
| URY         |         1236000 |
| USA         |        78625774 |
| UZB         |         5183900 |
| VAT         |             455 |
| VCT         |           17100 |
| VEN         |        12251091 |
| VGB         |            8000 |
| VIR         |           13000 |
| VNM         |         9364813 |
| VUT         |           33700 |
| WLF         |            1137 |
| WSM         |           35900 |
| YEM         |         1743700 |
| YUG         |         2189507 |
| ZAF         |        15196370 |
| ZMB         |         2473500 |
| ZWE         |         2730420 |
+-------------+-----------------+
232 rows in set (0.0062 sec)
 MySQL  localhost:3306 ssl  world  SQL > SELECT countrycode,sum(population) FROM city GROUP BY COUNTrycode ORDER BY population;
ERROR: 1055 (42000): Expression #1 of ORDER BY clause is not in GROUP BY clause and contains nonaggregated column 'world.city.Population' which is not functionally dependent on columns in GROUP BY clause; this is incompatible with sql_mode=only_full_group_by
 MySQL  localhost:3306 ssl  world  SQL > SELECT countrycode,sum(population) as total FROM city GROUP BY COUNTrycode ORDER BY total;
+-------------+-----------+
| countrycode | total     |
+-------------+-----------+
| PCN         |        42 |
| TKL         |       300 |
| VAT         |       455 |
| CCK         |       670 |
| NIU         |       682 |
| CXR         |       700 |
| NFK         |       800 |
| WLF         |      1137 |
| SJM         |      1438 |
| SHN         |      1500 |
| AIA         |      1556 |
| FLK         |      1636 |
| MSR         |      2000 |
| LCA         |      2301 |
| ANT         |      2345 |
| BMU         |      3000 |
| TUV         |      4600 |
| NRU         |      4609 |
| GRD         |      4621 |
| TCA         |      4800 |
| SPM         |      5808 |
| BRB         |      6070 |
| SMR         |      7096 |
| KIR         |      7281 |
| ASM         |      7523 |
| VGB         |      8000 |
| MNP         |      9200 |
| LIE         |     10389 |
| GUM         |     10639 |
| KNA         |     11600 |
| COK         |     11900 |
| MYT         |     12000 |
| PLW         |     12000 |
| VIR         |     13000 |
| GRL         |     13445 |
| MCO         |     14388 |
| FRO         |     14542 |
| DMA         |     16243 |
| VCT         |     17100 |
| CYM         |     19600 |
| AND         |     21189 |
| BRN         |     21484 |
| BTN         |     22000 |
| TON         |     22400 |
| ATG         |     24000 |
| GIB         |     27025 |
| MHL         |     28000 |
| MLT         |     28518 |
| ABW         |     29034 |
| FSM         |     30600 |
| VUT         |     33700 |
| WSM         |     35900 |
| COM         |     36000 |
| GNQ         |     40000 |
| SYC         |     41000 |
| TMP         |     47900 |
| STP         |     49541 |
| SLB         |     50100 |
| GUF         |     50699 |
| PYF         |     51441 |
| SWZ         |     61000 |
| BLZ         |     62915 |
| MDV         |     71000 |
| GLP         |     75380 |
| NCL         |     76293 |
| FJI         |     77366 |
| LUX         |     80700 |
| MTQ         |     94050 |
| CPV         |     94800 |
| TTO         |     99997 |
| ISL         |    109184 |
| SUR         |    112000 |
| REU         |    131480 |
| GMB         |    144926 |
| BHR         |    148000 |
| ESH         |    169000 |
| NAM         |    169000 |
| BHS         |    172000 |
| GNB         |    241000 |
| PNG         |    247000 |
| GUY         |    254000 |
| KWT         |    261252 |
| ALB         |    270000 |
| RWA         |    286000 |
| LSO         |    297000 |
| BDI         |    300000 |
| JAM         |    314140 |
| BWA         |    314822 |
| MUS         |    337280 |
| CRI         |    339131 |
| CYP         |    349400 |
| QAT         |    355000 |
| TGO         |    375000 |
| DJI         |    383000 |
| SVN         |    386518 |
| GAB         |    419000 |
| ERI         |    431000 |
| MAC         |    437500 |
| MKD         |    444299 |
| EST         |    505227 |
| CAF         |    524000 |
| OMN         |    537096 |
| BIH         |    599106 |
| IRL         |    609041 |
| LAO         |    628452 |
| TCD         |    630465 |
| NER         |    653857 |
| TJK         |    685500 |
| MRT         |    764900 |
| MNG         |    773700 |
| SVK         |    784143 |
| PAN         |    786755 |
| KHM         |    805055 |
| MLI         |    809552 |
| KGZ         |    812100 |
| LBR         |    850000 |
| SLE         |    850000 |
| UGA         |    890800 |
| PSE         |    902360 |
| MWI         |    914119 |
| CHE         |    914200 |
| BEN         |    968503 |
| LVA         |    968596 |
| TKM         |    972600 |
| PRY         |   1020020 |
| GIN         |   1090610 |
| NOR         |   1100028 |
| MDG         |   1123161 |
| NPL         |   1132403 |
| SLV         |   1138231 |
| PRT         |   1145011 |
| HRV         |   1168883 |
| SOM         |   1177000 |
| MDA         |   1193300 |
| DNK         |   1215945 |
| GTM         |   1225188 |
| BFA         |   1229000 |
| URY         |   1236000 |
| NIC         |   1269223 |
| HND         |   1287000 |
| LBN         |   1340000 |
| COG         |   1450000 |
| LTU         |   1473317 |
| HTI         |   1517338 |
| FIN         |   1532919 |
| LKA         |   1545000 |
| PRI         |   1564174 |
| BEL         |   1609322 |
| ARM         |   1633100 |
| ARE         |   1728336 |
| YEM         |   1743700 |
| TUN         |   1798500 |
| GHA         |   1819889 |
| NZL         |   1847600 |
| JOR         |   1847677 |
| GEO         |   1880900 |
| GRC         |   1972843 |
| YUG         |   2189507 |
| AFG         |   2332100 |
| AUT         |   2384273 |
| DOM         |   2438276 |
| AZE         |   2464000 |
| ZMB         |   2473500 |
| AGO         |   2561600 |
| CZE         |   2634711 |
| BGR         |   2696915 |
| LBY         |   2697007 |
| ZWE         |   2730420 |
| SEN         |   2770458 |
| ISR         |   2813000 |
| SWE         |   2891431 |
| TZA         |   2944034 |
| HUN         |   2953310 |
| MOZ         |   3143145 |
| ETH         |   3190334 |
| CIV         |   3191137 |
| HKG         |   3300633 |
| BOL         |   3378644 |
| CMR         |   3522554 |
| KEN         |   3522793 |
| SGP         |   4017733 |
| SYR         |   4477784 |
| MYS         |   4605141 |
| CUB         |   4629925 |
| BLR         |   4741000 |
| SDN         |   4752187 |
| NLD         |   5180049 |
| UZB         |   5183900 |
| DZA         |   5192179 |
| KAZ         |   5484200 |
| ECU         |   5744142 |
| MMR         |   6203000 |
| PRK         |   6476751 |
| ROM         |   7469006 |
| THA         |   7953161 |
| BGD         |   8569906 |
| MAR         |   8757562 |
| IRQ         |   8926041 |
| FRA         |   9244494 |
| VNM         |   9364813 |
| CHL         |   9717970 |
| COD         |   9864615 |
| SAU         |  10636700 |
| AUS         |  11313666 |
| POL         |  11687431 |
| PER         |  12147242 |
| VEN         |  12251091 |
| CAN         |  12673840 |
| TWN         |  13569336 |
| ITA         |  15087019 |
| ZAF         |  15196370 |
| ESP         |  16669189 |
| NGA         |  17366900 |
| ARG         |  19996563 |
| UKR         |  20074000 |
| EGY         |  20083079 |
| COL         |  20250990 |
| GBR         |  22436673 |
| IRN         |  26032990 |
| DEU         |  26245483 |
| TUR         |  28327028 |
| PHL         |  30934791 |
| PAK         |  31546745 |
| IDN         |  37485695 |
| KOR         |  38999893 |
| MEX         |  59752521 |
| RUS         |  69150700 |
| JPN         |  77965107 |
| USA         |  78625774 |
| BRA         |  85876862 |
| IND         | 123298526 |
| CHN         | 175953614 |
+-------------+-----------+
232 rows in set (0.0059 sec)
 MySQL  localhost:3306 ssl  world  SQL > SELECT count(*) FROM city GROUP BY countrycode;
+----------+
| count(*) |
+----------+
|        1 |
|        4 |
|        5 |
|        2 |
|        1 |
|        1 |
|        1 |
|        5 |
|       57 |
|        3 |
|        2 |
|        1 |
|       14 |
|        6 |
|        4 |
|        1 |
|        9 |
|        4 |
|        3 |
|       24 |
|       10 |
|        1 |
|        1 |
|        3 |
|       16 |
|        2 |
|        2 |
|        8 |
|      250 |
|        1 |
|        1 |
|        1 |
|        2 |
|        1 |
|       49 |
|        2 |
|        5 |
|       29 |
|      363 |
|        5 |
|        7 |
|       18 |
|        2 |
|        1 |
|       38 |
|        1 |
|        1 |
|        1 |
|       14 |
|        1 |
|        1 |
|        2 |
|       10 |
|       93 |
|        1 |
|        1 |
|        5 |
|        6 |
|       18 |
|       15 |
|       37 |
|        1 |
|        1 |
|       59 |
|        2 |
|        7 |
|        7 |
|        1 |
|        1 |
|       40 |
|        1 |
|        2 |
|        1 |
|       81 |
|        5 |
|        5 |
|        1 |
|        1 |
|        2 |
|        2 |
|        1 |
|        1 |
|        8 |
|        1 |
|        1 |
|        4 |
|        1 |
|        2 |
|        1 |
|        2 |
|        3 |
|        4 |
|        4 |
|        9 |
|       85 |
|      341 |
|        2 |
|       67 |
|       15 |
|        1 |
|       14 |
|       58 |
|        3 |
|        5 |
|      248 |
|       21 |
|        8 |
|        2 |
|        3 |
|        2 |
|        1 |
|       70 |
|        3 |
|        2 |
|        2 |
|        1 |
|        4 |
|        1 |
|        2 |
|        7 |
|        1 |
|        5 |
|        1 |
|        3 |
|        1 |
|       22 |
|        2 |
|        4 |
|        5 |
|        1 |
|      173 |
|        1 |
|        1 |
|        1 |
|        2 |
|       16 |
|        1 |
|        1 |
|       12 |
|        2 |
|        1 |
|        1 |
|        3 |
|        2 |
|       18 |
|        1 |
|        1 |
|        1 |
|        3 |
|        1 |
|       64 |
|        4 |
|        1 |
|       28 |
|        5 |
|        5 |
|        2 |
|        9 |
|        5 |
|       59 |
|        2 |
|        1 |
|       22 |
|      136 |
|        1 |
|        1 |
|       44 |
|        9 |
|       13 |
|        5 |
|        5 |
|        6 |
|        2 |
|        1 |
|        1 |
|       29 |
|      189 |
|        1 |
|       24 |
|       12 |
|        9 |
|        1 |
|        1 |
|        1 |
|        1 |
|        1 |
|        7 |
|        2 |
|        3 |
|        1 |
|        1 |
|        1 |
|        3 |
|        2 |
|       15 |
|        1 |
|        1 |
|       11 |
|        1 |
|        2 |
|        1 |
|       12 |
|        2 |
|        1 |
|        4 |
|        1 |
|        1 |
|        2 |
|        8 |
|       62 |
|        1 |
|       42 |
|       10 |
|        1 |
|       57 |
|        1 |
|      274 |
|       17 |
|        1 |
|        1 |
|       41 |
|        1 |
|        1 |
|       22 |
|        1 |
|        1 |
|        1 |
|        6 |
|        8 |
|       44 |
|        7 |
|        6 |
+----------+
232 rows in set (0.0025 sec)
 MySQL  localhost:3306 ssl  world  SQL > SELECT countrycode, count(*) FROM city GROUP BY countrycode;
+-------------+----------+
| countrycode | count(*) |
+-------------+----------+
| ABW         |        1 |
| AFG         |        4 |
| AGO         |        5 |
| AIA         |        2 |
| ALB         |        1 |
| AND         |        1 |
| ANT         |        1 |
| ARE         |        5 |
| ARG         |       57 |
| ARM         |        3 |
| ASM         |        2 |
| ATG         |        1 |
| AUS         |       14 |
| AUT         |        6 |
| AZE         |        4 |
| BDI         |        1 |
| BEL         |        9 |
| BEN         |        4 |
| BFA         |        3 |
| BGD         |       24 |
| BGR         |       10 |
| BHR         |        1 |
| BHS         |        1 |
| BIH         |        3 |
| BLR         |       16 |
| BLZ         |        2 |
| BMU         |        2 |
| BOL         |        8 |
| BRA         |      250 |
| BRB         |        1 |
| BRN         |        1 |
| BTN         |        1 |
| BWA         |        2 |
| CAF         |        1 |
| CAN         |       49 |
| CCK         |        2 |
| CHE         |        5 |
| CHL         |       29 |
| CHN         |      363 |
| CIV         |        5 |
| CMR         |        7 |
| COD         |       18 |
| COG         |        2 |
| COK         |        1 |
| COL         |       38 |
| COM         |        1 |
| CPV         |        1 |
| CRI         |        1 |
| CUB         |       14 |
| CXR         |        1 |
| CYM         |        1 |
| CYP         |        2 |
| CZE         |       10 |
| DEU         |       93 |
| DJI         |        1 |
| DMA         |        1 |
| DNK         |        5 |
| DOM         |        6 |
| DZA         |       18 |
| ECU         |       15 |
| EGY         |       37 |
| ERI         |        1 |
| ESH         |        1 |
| ESP         |       59 |
| EST         |        2 |
| ETH         |        7 |
| FIN         |        7 |
| FJI         |        1 |
| FLK         |        1 |
| FRA         |       40 |
| FRO         |        1 |
| FSM         |        2 |
| GAB         |        1 |
| GBR         |       81 |
| GEO         |        5 |
| GHA         |        5 |
| GIB         |        1 |
| GIN         |        1 |
| GLP         |        2 |
| GMB         |        2 |
| GNB         |        1 |
| GNQ         |        1 |
| GRC         |        8 |
| GRD         |        1 |
| GRL         |        1 |
| GTM         |        4 |
| GUF         |        1 |
| GUM         |        2 |
| GUY         |        1 |
| HKG         |        2 |
| HND         |        3 |
| HRV         |        4 |
| HTI         |        4 |
| HUN         |        9 |
| IDN         |       85 |
| IND         |      341 |
| IRL         |        2 |
| IRN         |       67 |
| IRQ         |       15 |
| ISL         |        1 |
| ISR         |       14 |
| ITA         |       58 |
| JAM         |        3 |
| JOR         |        5 |
| JPN         |      248 |
| KAZ         |       21 |
| KEN         |        8 |
| KGZ         |        2 |
| KHM         |        3 |
| KIR         |        2 |
| KNA         |        1 |
| KOR         |       70 |
| KWT         |        3 |
| LAO         |        2 |
| LBN         |        2 |
| LBR         |        1 |
| LBY         |        4 |
| LCA         |        1 |
| LIE         |        2 |
| LKA         |        7 |
| LSO         |        1 |
| LTU         |        5 |
| LUX         |        1 |
| LVA         |        3 |
| MAC         |        1 |
| MAR         |       22 |
| MCO         |        2 |
| MDA         |        4 |
| MDG         |        5 |
| MDV         |        1 |
| MEX         |      173 |
| MHL         |        1 |
| MKD         |        1 |
| MLI         |        1 |
| MLT         |        2 |
| MMR         |       16 |
| MNG         |        1 |
| MNP         |        1 |
| MOZ         |       12 |
| MRT         |        2 |
| MSR         |        1 |
| MTQ         |        1 |
| MUS         |        3 |
| MWI         |        2 |
| MYS         |       18 |
| MYT         |        1 |
| NAM         |        1 |
| NCL         |        1 |
| NER         |        3 |
| NFK         |        1 |
| NGA         |       64 |
| NIC         |        4 |
| NIU         |        1 |
| NLD         |       28 |
| NOR         |        5 |
| NPL         |        5 |
| NRU         |        2 |
| NZL         |        9 |
| OMN         |        5 |
| PAK         |       59 |
| PAN         |        2 |
| PCN         |        1 |
| PER         |       22 |
| PHL         |      136 |
| PLW         |        1 |
| PNG         |        1 |
| POL         |       44 |
| PRI         |        9 |
| PRK         |       13 |
| PRT         |        5 |
| PRY         |        5 |
| PSE         |        6 |
| PYF         |        2 |
| QAT         |        1 |
| REU         |        1 |
| ROM         |       29 |
| RUS         |      189 |
| RWA         |        1 |
| SAU         |       24 |
| SDN         |       12 |
| SEN         |        9 |
| SGP         |        1 |
| SHN         |        1 |
| SJM         |        1 |
| SLB         |        1 |
| SLE         |        1 |
| SLV         |        7 |
| SMR         |        2 |
| SOM         |        3 |
| SPM         |        1 |
| STP         |        1 |
| SUR         |        1 |
| SVK         |        3 |
| SVN         |        2 |
| SWE         |       15 |
| SWZ         |        1 |
| SYC         |        1 |
| SYR         |       11 |
| TCA         |        1 |
| TCD         |        2 |
| TGO         |        1 |
| THA         |       12 |
| TJK         |        2 |
| TKL         |        1 |
| TKM         |        4 |
| TMP         |        1 |
| TON         |        1 |
| TTO         |        2 |
| TUN         |        8 |
| TUR         |       62 |
| TUV         |        1 |
| TWN         |       42 |
| TZA         |       10 |
| UGA         |        1 |
| UKR         |       57 |
| URY         |        1 |
| USA         |      274 |
| UZB         |       17 |
| VAT         |        1 |
| VCT         |        1 |
| VEN         |       41 |
| VGB         |        1 |
| VIR         |        1 |
| VNM         |       22 |
| VUT         |        1 |
| WLF         |        1 |
| WSM         |        1 |
| YEM         |        6 |
| YUG         |        8 |
| ZAF         |       44 |
| ZMB         |        7 |
| ZWE         |        6 |
+-------------+----------+
232 rows in set (0.0020 sec)
 MySQL  localhost:3306 ssl  world  SQL > SELECT countrycode, count(*) FROM city GROUP BY countrycode HAVING total=1;
ERROR: 1054 (42S22): Unknown column 'total' in 'having clause'
 MySQL  localhost:3306 ssl  world  SQL > SELECT countrycode, count(*) FROM city GROUP BY countrycode HAVING total = 1;
ERROR: 1054 (42S22): Unknown column 'total' in 'having clause'
 MySQL  localhost:3306 ssl  world  SQL > SELECT countrycode, count(*) FROM city HAVING total = 1;
ERROR: 1054 (42S22): Unknown column 'total' in 'having clause'
 MySQL  localhost:3306 ssl  world  SQL > SELECT countrycode, count(*)as total FROM city GROUP BY countrycode HAVING total = 1;
+-------------+-------+
| countrycode | total |
+-------------+-------+
| ABW         |     1 |
| ALB         |     1 |
| AND         |     1 |
| ANT         |     1 |
| ATG         |     1 |
| BDI         |     1 |
| BHR         |     1 |
| BHS         |     1 |
| BRB         |     1 |
| BRN         |     1 |
| BTN         |     1 |
| CAF         |     1 |
| COK         |     1 |
| COM         |     1 |
| CPV         |     1 |
| CRI         |     1 |
| CXR         |     1 |
| CYM         |     1 |
| DJI         |     1 |
| DMA         |     1 |
| ERI         |     1 |
| ESH         |     1 |
| FJI         |     1 |
| FLK         |     1 |
| FRO         |     1 |
| GAB         |     1 |
| GIB         |     1 |
| GIN         |     1 |
| GNB         |     1 |
| GNQ         |     1 |
| GRD         |     1 |
| GRL         |     1 |
| GUF         |     1 |
| GUY         |     1 |
| ISL         |     1 |
| KNA         |     1 |
| LBR         |     1 |
| LCA         |     1 |
| LSO         |     1 |
| LUX         |     1 |
| MAC         |     1 |
| MDV         |     1 |
| MHL         |     1 |
| MKD         |     1 |
| MLI         |     1 |
| MNG         |     1 |
| MNP         |     1 |
| MSR         |     1 |
| MTQ         |     1 |
| MYT         |     1 |
| NAM         |     1 |
| NCL         |     1 |
| NFK         |     1 |
| NIU         |     1 |
| PCN         |     1 |
| PLW         |     1 |
| PNG         |     1 |
| QAT         |     1 |
| REU         |     1 |
| RWA         |     1 |
| SGP         |     1 |
| SHN         |     1 |
| SJM         |     1 |
| SLB         |     1 |
| SLE         |     1 |
| SPM         |     1 |
| STP         |     1 |
| SUR         |     1 |
| SWZ         |     1 |
| SYC         |     1 |
| TCA         |     1 |
| TGO         |     1 |
| TKL         |     1 |
| TMP         |     1 |
| TON         |     1 |
| TUV         |     1 |
| UGA         |     1 |
| URY         |     1 |
| VAT         |     1 |
| VCT         |     1 |
| VGB         |     1 |
| VIR         |     1 |
| VUT         |     1 |
| WLF         |     1 |
| WSM         |     1 |
+-------------+-------+
85 rows in set (0.0024 sec)
 MySQL  localhost:3306 ssl  world  SQL > SELECT countrycode,sum(population) as total FROM city GROUP BY COUNTrycode HAVING total < 1000000 ORDER BY total
                                      -> ;
+-------------+--------+
| countrycode | total  |
+-------------+--------+
| PCN         |     42 |
| TKL         |    300 |
| VAT         |    455 |
| CCK         |    670 |
| NIU         |    682 |
| CXR         |    700 |
| NFK         |    800 |
| WLF         |   1137 |
| SJM         |   1438 |
| SHN         |   1500 |
| AIA         |   1556 |
| FLK         |   1636 |
| MSR         |   2000 |
| LCA         |   2301 |
| ANT         |   2345 |
| BMU         |   3000 |
| TUV         |   4600 |
| NRU         |   4609 |
| GRD         |   4621 |
| TCA         |   4800 |
| SPM         |   5808 |
| BRB         |   6070 |
| SMR         |   7096 |
| KIR         |   7281 |
| ASM         |   7523 |
| VGB         |   8000 |
| MNP         |   9200 |
| LIE         |  10389 |
| GUM         |  10639 |
| KNA         |  11600 |
| COK         |  11900 |
| MYT         |  12000 |
| PLW         |  12000 |
| VIR         |  13000 |
| GRL         |  13445 |
| MCO         |  14388 |
| FRO         |  14542 |
| DMA         |  16243 |
| VCT         |  17100 |
| CYM         |  19600 |
| AND         |  21189 |
| BRN         |  21484 |
| BTN         |  22000 |
| TON         |  22400 |
| ATG         |  24000 |
| GIB         |  27025 |
| MHL         |  28000 |
| MLT         |  28518 |
| ABW         |  29034 |
| FSM         |  30600 |
| VUT         |  33700 |
| WSM         |  35900 |
| COM         |  36000 |
| GNQ         |  40000 |
| SYC         |  41000 |
| TMP         |  47900 |
| STP         |  49541 |
| SLB         |  50100 |
| GUF         |  50699 |
| PYF         |  51441 |
| SWZ         |  61000 |
| BLZ         |  62915 |
| MDV         |  71000 |
| GLP         |  75380 |
| NCL         |  76293 |
| FJI         |  77366 |
| LUX         |  80700 |
| MTQ         |  94050 |
| CPV         |  94800 |
| TTO         |  99997 |
| ISL         | 109184 |
| SUR         | 112000 |
| REU         | 131480 |
| GMB         | 144926 |
| BHR         | 148000 |
| ESH         | 169000 |
| NAM         | 169000 |
| BHS         | 172000 |
| GNB         | 241000 |
| PNG         | 247000 |
| GUY         | 254000 |
| KWT         | 261252 |
| ALB         | 270000 |
| RWA         | 286000 |
| LSO         | 297000 |
| BDI         | 300000 |
| JAM         | 314140 |
| BWA         | 314822 |
| MUS         | 337280 |
| CRI         | 339131 |
| CYP         | 349400 |
| QAT         | 355000 |
| TGO         | 375000 |
| DJI         | 383000 |
| SVN         | 386518 |
| GAB         | 419000 |
| ERI         | 431000 |
| MAC         | 437500 |
| MKD         | 444299 |
| EST         | 505227 |
| CAF         | 524000 |
| OMN         | 537096 |
| BIH         | 599106 |
| IRL         | 609041 |
| LAO         | 628452 |
| TCD         | 630465 |
| NER         | 653857 |
| TJK         | 685500 |
| MRT         | 764900 |
| MNG         | 773700 |
| SVK         | 784143 |
| PAN         | 786755 |
| KHM         | 805055 |
| MLI         | 809552 |
| KGZ         | 812100 |
| LBR         | 850000 |
| SLE         | 850000 |
| UGA         | 890800 |
| PSE         | 902360 |
| MWI         | 914119 |
| CHE         | 914200 |
| BEN         | 968503 |
| LVA         | 968596 |
| TKM         | 972600 |
+-------------+--------+
124 rows in set (0.0067 sec)
 MySQL  localhost:3306 ssl  world  SQL > SELECT countrycode,sum(population) as total FROM city GROUP BY COUNTrycode HAVING total < 1000000 ORDER BY total  ;